<!doctype html public "-//w3c//dtd html 4.0 transitional//en">
<html><head>
<title>Static Call Graph - [release\ftm_simple_pwm.out]</title></head>
<body><HR>
<H1>Static Call Graph for image release\ftm_simple_pwm.out</H1><HR>
<BR><P>#&#060CALLGRAPH&#062# ARM Linker, 6150002: Last Updated: Wed May 17 20:05:27 2023
<BR><P>
<H3>Maximum Stack Usage =          0 bytes + Unknown(Cycles, Untraceable Function Pointers)</H3><H3>
Call chain for Maximum Stack Depth:</H3>

<P>
<H3>
Mutually Recursive functions
</H3> <LI><a href="#[66]">LPUART_WriteBlocking</a>&nbsp;&nbsp;&nbsp;&rArr;&nbsp;&nbsp;&nbsp;<a href="#[66]">LPUART_WriteBlocking</a><BR>
</UL>
<P>
<H3>
Function Pointers
</H3><UL>
 <LI><a href="#[15]">ADC0_IRQHandler</a> from startup_mke17z7.o(.text) referenced from startup_mke17z7.o(.isr_vector)
 <LI><a href="#[16]">CMP0_IRQHandler</a> from startup_mke17z7.o(.text) referenced from startup_mke17z7.o(.isr_vector)
 <LI><a href="#[2a]">DMA0_04_DriverIRQHandler</a> from startup_mke17z7.o(.text) referenced from startup_mke17z7.o(.text)
 <LI><a href="#[6]">DMA0_04_IRQHandler</a> from startup_mke17z7.o(.text) referenced from startup_mke17z7.o(.isr_vector)
 <LI><a href="#[2b]">DMA0_15_DriverIRQHandler</a> from startup_mke17z7.o(.text) referenced from startup_mke17z7.o(.text)
 <LI><a href="#[7]">DMA0_15_IRQHandler</a> from startup_mke17z7.o(.text) referenced from startup_mke17z7.o(.isr_vector)
 <LI><a href="#[2c]">DMA0_26_DriverIRQHandler</a> from startup_mke17z7.o(.text) referenced from startup_mke17z7.o(.text)
 <LI><a href="#[8]">DMA0_26_IRQHandler</a> from startup_mke17z7.o(.text) referenced from startup_mke17z7.o(.isr_vector)
 <LI><a href="#[2d]">DMA0_37_DriverIRQHandler</a> from startup_mke17z7.o(.text) referenced from startup_mke17z7.o(.text)
 <LI><a href="#[9]">DMA0_37_IRQHandler</a> from startup_mke17z7.o(.text) referenced from startup_mke17z7.o(.isr_vector)
 <LI><a href="#[2e]">DMA_Error_DriverIRQHandler</a> from startup_mke17z7.o(.text) referenced from startup_mke17z7.o(.text)
 <LI><a href="#[a]">DMA_Error_IRQHandler</a> from startup_mke17z7.o(.text) referenced from startup_mke17z7.o(.isr_vector)
 <LI><a href="#[29]">DefaultISR</a> from startup_mke17z7.o(.text) referenced 3 times from fsl_lpuart.o(.data.s_lpuartIsr)
 <LI><a href="#[29]">DefaultISR</a> from startup_mke17z7.o(.text) referenced from startup_mke17z7.o(.text)
 <LI><a href="#[34]">FLEXIO_DriverIRQHandler</a> from startup_mke17z7.o(.text) referenced from startup_mke17z7.o(.text)
 <LI><a href="#[1d]">FLEXIO_IRQHandler</a> from startup_mke17z7.o(.text) referenced from startup_mke17z7.o(.isr_vector)
 <LI><a href="#[b]">FTFA_IRQHandler</a> from startup_mke17z7.o(.text) referenced from startup_mke17z7.o(.isr_vector)
 <LI><a href="#[17]">FTM0_IRQHandler</a> from ftm_simple_pwm.o(.text.FTM0_IRQHandler) referenced from startup_mke17z7.o(.isr_vector)
 <LI><a href="#[18]">FTM1_IRQHandler</a> from startup_mke17z7.o(.text) referenced from startup_mke17z7.o(.isr_vector)
 <LI><a href="#[19]">FTM2_IRQHandler</a> from startup_mke17z7.o(.text) referenced from startup_mke17z7.o(.isr_vector)
 <LI><a href="#[35]">HAL_UartReceiveBlocking</a> from fsl_adapter_lpuart.o(.text.HAL_UartReceiveBlocking) referenced from fsl_debug_console.o(.text.DbgConsole_Init)
 <LI><a href="#[36]">HAL_UartSendBlocking</a> from fsl_adapter_lpuart.o(.text.HAL_UartSendBlocking) referenced from fsl_debug_console.o(.text.DbgConsole_Init)
 <LI><a href="#[2]">HardFault_Handler</a> from startup_mke17z7.o(.text) referenced from startup_mke17z7.o(.isr_vector)
 <LI><a href="#[2]">HardFault_Handler</a> from startup_mke17z7.o(.text) referenced from startup_mke17z7.o(.text)
 <LI><a href="#[2f]">LPI2C0_DriverIRQHandler</a> from startup_mke17z7.o(.text) referenced from startup_mke17z7.o(.text)
 <LI><a href="#[e]">LPI2C0_IRQHandler</a> from startup_mke17z7.o(.text) referenced from startup_mke17z7.o(.isr_vector)
 <LI><a href="#[1c]">LPIT0_IRQHandler</a> from startup_mke17z7.o(.text) referenced from startup_mke17z7.o(.isr_vector)
 <LI><a href="#[30]">LPSPI0_DriverIRQHandler</a> from startup_mke17z7.o(.text) referenced from startup_mke17z7.o(.text)
 <LI><a href="#[10]">LPSPI0_IRQHandler</a> from startup_mke17z7.o(.text) referenced from startup_mke17z7.o(.isr_vector)
 <LI><a href="#[31]">LPUART0_DriverIRQHandler</a> from fsl_lpuart.o(.text.LPUART0_DriverIRQHandler) referenced from startup_mke17z7.o(.text)
 <LI><a href="#[12]">LPUART0_IRQHandler</a> from startup_mke17z7.o(.text) referenced from startup_mke17z7.o(.isr_vector)
 <LI><a href="#[32]">LPUART1_DriverIRQHandler</a> from fsl_lpuart.o(.text.LPUART1_DriverIRQHandler) referenced from startup_mke17z7.o(.text)
 <LI><a href="#[13]">LPUART1_IRQHandler</a> from startup_mke17z7.o(.text) referenced from startup_mke17z7.o(.isr_vector)
 <LI><a href="#[33]">LPUART2_DriverIRQHandler</a> from fsl_lpuart.o(.text.LPUART2_DriverIRQHandler) referenced from startup_mke17z7.o(.text)
 <LI><a href="#[14]">LPUART2_IRQHandler</a> from startup_mke17z7.o(.text) referenced from startup_mke17z7.o(.isr_vector)
 <LI><a href="#[c]">LVD_LVW_IRQHandler</a> from startup_mke17z7.o(.text) referenced from startup_mke17z7.o(.isr_vector)
 <LI><a href="#[1]">NMI_Handler</a> from startup_mke17z7.o(.text) referenced from startup_mke17z7.o(.isr_vector)
 <LI><a href="#[1]">NMI_Handler</a> from startup_mke17z7.o(.text) referenced from startup_mke17z7.o(.text)
 <LI><a href="#[d]">PORTAE_IRQHandler</a> from startup_mke17z7.o(.text) referenced from startup_mke17z7.o(.isr_vector)
 <LI><a href="#[20]">PORTBCD_IRQHandler</a> from startup_mke17z7.o(.text) referenced from startup_mke17z7.o(.isr_vector)
 <LI><a href="#[23]">PWT_LPTMR0_IRQHandler</a> from ftm_simple_pwm.o(.text.PWT_LPTMR0_IRQHandler) referenced from startup_mke17z7.o(.isr_vector)
 <LI><a href="#[4]">PendSV_Handler</a> from startup_mke17z7.o(.text) referenced from startup_mke17z7.o(.isr_vector)
 <LI><a href="#[4]">PendSV_Handler</a> from startup_mke17z7.o(.text) referenced from startup_mke17z7.o(.text)
 <LI><a href="#[25]">RCM_IRQHandler</a> from startup_mke17z7.o(.text) referenced from startup_mke17z7.o(.isr_vector)
 <LI><a href="#[f]">Reserved25_IRQHandler</a> from startup_mke17z7.o(.text) referenced from startup_mke17z7.o(.isr_vector)
 <LI><a href="#[11]">Reserved27_IRQHandler</a> from startup_mke17z7.o(.text) referenced from startup_mke17z7.o(.isr_vector)
 <LI><a href="#[1a]">Reserved36_IRQHandler</a> from startup_mke17z7.o(.text) referenced from startup_mke17z7.o(.isr_vector)
 <LI><a href="#[1b]">Reserved37_IRQHandler</a> from startup_mke17z7.o(.text) referenced from startup_mke17z7.o(.isr_vector)
 <LI><a href="#[24]">Reserved46_IRQHandler</a> from startup_mke17z7.o(.text) referenced from startup_mke17z7.o(.isr_vector)
 <LI><a href="#[0]">Reset_Handler</a> from startup_mke17z7.o(.text) referenced from startup_mke17z7.o(.isr_vector)
 <LI><a href="#[21]">SCG_IRQHandler</a> from startup_mke17z7.o(.text) referenced from startup_mke17z7.o(.isr_vector)
 <LI><a href="#[3]">SVC_Handler</a> from startup_mke17z7.o(.text) referenced from startup_mke17z7.o(.isr_vector)
 <LI><a href="#[3]">SVC_Handler</a> from startup_mke17z7.o(.text) referenced from startup_mke17z7.o(.text)
 <LI><a href="#[5]">SysTick_Handler</a> from startup_mke17z7.o(.text) referenced from startup_mke17z7.o(.isr_vector)
 <LI><a href="#[5]">SysTick_Handler</a> from startup_mke17z7.o(.text) referenced from startup_mke17z7.o(.text)
 <LI><a href="#[27]">SystemInit</a> from system_mke17z7.o(.text.SystemInit) referenced from startup_mke17z7.o(.text)
 <LI><a href="#[1e]">TSI0_IRQHandler</a> from startup_mke17z7.o(.text) referenced from startup_mke17z7.o(.isr_vector)
 <LI><a href="#[1f]">TSI1_IRQHandler</a> from startup_mke17z7.o(.text) referenced from startup_mke17z7.o(.isr_vector)
 <LI><a href="#[22]">WDOG_EWM_IRQHandler</a> from startup_mke17z7.o(.text) referenced from startup_mke17z7.o(.isr_vector)
 <LI><a href="#[28]">__main</a> from entry.o(.ARM.Collect$$$$00000000) referenced from startup_mke17z7.o(.text)
 <LI><a href="#[26]">main</a> from ftm_simple_pwm.o(.text.main) referenced from entry9a.o(.ARM.Collect$$$$0000000B)
</UL>
<P>
<H3>
Global Symbols
</H3>
<P><STRONG><a name="[28]"></a>__main</STRONG> (Thumb, 0 bytes, Stack size 0 bytes, entry.o(.ARM.Collect$$$$00000000))
<BR>[Address Reference Count : 1]<UL><LI> startup_mke17z7.o(.text)
</UL>
<P><STRONG><a name="[37]"></a>_main_scatterload</STRONG> (Thumb, 0 bytes, Stack size 0 bytes, entry5.o(.ARM.Collect$$$$00000004))
<BR><BR>[Calls]<UL><LI><a href="#[38]">&gt;&gt;</a>&nbsp;&nbsp;&nbsp;__scatterload
</UL>

<P><STRONG><a name="[39]"></a>__main_after_scatterload</STRONG> (Thumb, 0 bytes, Stack size 0 bytes, entry5.o(.ARM.Collect$$$$00000004))
<BR><BR>[Called By]<UL><LI><a href="#[38]">&gt;&gt;</a>&nbsp;&nbsp;&nbsp;__scatterload
</UL>

<P><STRONG><a name="[0]"></a>Reset_Handler</STRONG> (Thumb, 40 bytes, Stack size 0 bytes, startup_mke17z7.o(.text))
<BR>[Address Reference Count : 1]<UL><LI> startup_mke17z7.o(.isr_vector)
</UL>
<P><STRONG><a name="[15]"></a>ADC0_IRQHandler</STRONG> (Thumb, 4 bytes, Stack size 0 bytes, startup_mke17z7.o(.text))
<BR>[Address Reference Count : 1]<UL><LI> startup_mke17z7.o(.isr_vector)
</UL>
<P><STRONG><a name="[16]"></a>CMP0_IRQHandler</STRONG> (Thumb, 4 bytes, Stack size 0 bytes, startup_mke17z7.o(.text))
<BR>[Address Reference Count : 1]<UL><LI> startup_mke17z7.o(.isr_vector)
</UL>
<P><STRONG><a name="[2a]"></a>DMA0_04_DriverIRQHandler</STRONG> (Thumb, 4 bytes, Stack size 0 bytes, startup_mke17z7.o(.text))
<BR>[Address Reference Count : 1]<UL><LI> startup_mke17z7.o(.text)
</UL>
<P><STRONG><a name="[2b]"></a>DMA0_15_DriverIRQHandler</STRONG> (Thumb, 4 bytes, Stack size 0 bytes, startup_mke17z7.o(.text))
<BR>[Address Reference Count : 1]<UL><LI> startup_mke17z7.o(.text)
</UL>
<P><STRONG><a name="[2c]"></a>DMA0_26_DriverIRQHandler</STRONG> (Thumb, 4 bytes, Stack size 0 bytes, startup_mke17z7.o(.text))
<BR>[Address Reference Count : 1]<UL><LI> startup_mke17z7.o(.text)
</UL>
<P><STRONG><a name="[2d]"></a>DMA0_37_DriverIRQHandler</STRONG> (Thumb, 4 bytes, Stack size 0 bytes, startup_mke17z7.o(.text))
<BR>[Address Reference Count : 1]<UL><LI> startup_mke17z7.o(.text)
</UL>
<P><STRONG><a name="[2e]"></a>DMA_Error_DriverIRQHandler</STRONG> (Thumb, 4 bytes, Stack size 0 bytes, startup_mke17z7.o(.text))
<BR>[Address Reference Count : 1]<UL><LI> startup_mke17z7.o(.text)
</UL>
<P><STRONG><a name="[29]"></a>DefaultISR</STRONG> (Thumb, 4 bytes, Stack size 0 bytes, startup_mke17z7.o(.text))
<BR>[Address Reference Count : 2]<UL><LI> startup_mke17z7.o(.text)
<LI> fsl_lpuart.o(.data.s_lpuartIsr)
</UL>
<P><STRONG><a name="[34]"></a>FLEXIO_DriverIRQHandler</STRONG> (Thumb, 4 bytes, Stack size 0 bytes, startup_mke17z7.o(.text))
<BR>[Address Reference Count : 1]<UL><LI> startup_mke17z7.o(.text)
</UL>
<P><STRONG><a name="[b]"></a>FTFA_IRQHandler</STRONG> (Thumb, 4 bytes, Stack size 0 bytes, startup_mke17z7.o(.text))
<BR>[Address Reference Count : 1]<UL><LI> startup_mke17z7.o(.isr_vector)
</UL>
<P><STRONG><a name="[18]"></a>FTM1_IRQHandler</STRONG> (Thumb, 4 bytes, Stack size 0 bytes, startup_mke17z7.o(.text))
<BR>[Address Reference Count : 1]<UL><LI> startup_mke17z7.o(.isr_vector)
</UL>
<P><STRONG><a name="[19]"></a>FTM2_IRQHandler</STRONG> (Thumb, 4 bytes, Stack size 0 bytes, startup_mke17z7.o(.text))
<BR>[Address Reference Count : 1]<UL><LI> startup_mke17z7.o(.isr_vector)
</UL>
<P><STRONG><a name="[2f]"></a>LPI2C0_DriverIRQHandler</STRONG> (Thumb, 4 bytes, Stack size 0 bytes, startup_mke17z7.o(.text))
<BR>[Address Reference Count : 1]<UL><LI> startup_mke17z7.o(.text)
</UL>
<P><STRONG><a name="[1c]"></a>LPIT0_IRQHandler</STRONG> (Thumb, 4 bytes, Stack size 0 bytes, startup_mke17z7.o(.text))
<BR>[Address Reference Count : 1]<UL><LI> startup_mke17z7.o(.isr_vector)
</UL>
<P><STRONG><a name="[30]"></a>LPSPI0_DriverIRQHandler</STRONG> (Thumb, 4 bytes, Stack size 0 bytes, startup_mke17z7.o(.text))
<BR>[Address Reference Count : 1]<UL><LI> startup_mke17z7.o(.text)
</UL>
<P><STRONG><a name="[c]"></a>LVD_LVW_IRQHandler</STRONG> (Thumb, 4 bytes, Stack size 0 bytes, startup_mke17z7.o(.text))
<BR>[Address Reference Count : 1]<UL><LI> startup_mke17z7.o(.isr_vector)
</UL>
<P><STRONG><a name="[d]"></a>PORTAE_IRQHandler</STRONG> (Thumb, 4 bytes, Stack size 0 bytes, startup_mke17z7.o(.text))
<BR>[Address Reference Count : 1]<UL><LI> startup_mke17z7.o(.isr_vector)
</UL>
<P><STRONG><a name="[20]"></a>PORTBCD_IRQHandler</STRONG> (Thumb, 4 bytes, Stack size 0 bytes, startup_mke17z7.o(.text))
<BR>[Address Reference Count : 1]<UL><LI> startup_mke17z7.o(.isr_vector)
</UL>
<P><STRONG><a name="[25]"></a>RCM_IRQHandler</STRONG> (Thumb, 4 bytes, Stack size 0 bytes, startup_mke17z7.o(.text))
<BR>[Address Reference Count : 1]<UL><LI> startup_mke17z7.o(.isr_vector)
</UL>
<P><STRONG><a name="[f]"></a>Reserved25_IRQHandler</STRONG> (Thumb, 4 bytes, Stack size 0 bytes, startup_mke17z7.o(.text))
<BR>[Address Reference Count : 1]<UL><LI> startup_mke17z7.o(.isr_vector)
</UL>
<P><STRONG><a name="[11]"></a>Reserved27_IRQHandler</STRONG> (Thumb, 4 bytes, Stack size 0 bytes, startup_mke17z7.o(.text))
<BR>[Address Reference Count : 1]<UL><LI> startup_mke17z7.o(.isr_vector)
</UL>
<P><STRONG><a name="[1a]"></a>Reserved36_IRQHandler</STRONG> (Thumb, 4 bytes, Stack size 0 bytes, startup_mke17z7.o(.text))
<BR>[Address Reference Count : 1]<UL><LI> startup_mke17z7.o(.isr_vector)
</UL>
<P><STRONG><a name="[1b]"></a>Reserved37_IRQHandler</STRONG> (Thumb, 4 bytes, Stack size 0 bytes, startup_mke17z7.o(.text))
<BR>[Address Reference Count : 1]<UL><LI> startup_mke17z7.o(.isr_vector)
</UL>
<P><STRONG><a name="[24]"></a>Reserved46_IRQHandler</STRONG> (Thumb, 4 bytes, Stack size 0 bytes, startup_mke17z7.o(.text))
<BR>[Address Reference Count : 1]<UL><LI> startup_mke17z7.o(.isr_vector)
</UL>
<P><STRONG><a name="[21]"></a>SCG_IRQHandler</STRONG> (Thumb, 4 bytes, Stack size 0 bytes, startup_mke17z7.o(.text))
<BR>[Address Reference Count : 1]<UL><LI> startup_mke17z7.o(.isr_vector)
</UL>
<P><STRONG><a name="[1e]"></a>TSI0_IRQHandler</STRONG> (Thumb, 4 bytes, Stack size 0 bytes, startup_mke17z7.o(.text))
<BR>[Address Reference Count : 1]<UL><LI> startup_mke17z7.o(.isr_vector)
</UL>
<P><STRONG><a name="[1f]"></a>TSI1_IRQHandler</STRONG> (Thumb, 4 bytes, Stack size 0 bytes, startup_mke17z7.o(.text))
<BR>[Address Reference Count : 1]<UL><LI> startup_mke17z7.o(.isr_vector)
</UL>
<P><STRONG><a name="[22]"></a>WDOG_EWM_IRQHandler</STRONG> (Thumb, 4 bytes, Stack size 0 bytes, startup_mke17z7.o(.text))
<BR>[Address Reference Count : 1]<UL><LI> startup_mke17z7.o(.isr_vector)
</UL>
<P><STRONG><a name="[1]"></a>NMI_Handler</STRONG> (Thumb, 4 bytes, Stack size 0 bytes, startup_mke17z7.o(.text))
<BR>[Address Reference Count : 2]<UL><LI> startup_mke17z7.o(.isr_vector)
<LI> startup_mke17z7.o(.text)
</UL>
<P><STRONG><a name="[2]"></a>HardFault_Handler</STRONG> (Thumb, 4 bytes, Stack size 0 bytes, startup_mke17z7.o(.text))
<BR>[Address Reference Count : 2]<UL><LI> startup_mke17z7.o(.isr_vector)
<LI> startup_mke17z7.o(.text)
</UL>
<P><STRONG><a name="[3]"></a>SVC_Handler</STRONG> (Thumb, 4 bytes, Stack size 0 bytes, startup_mke17z7.o(.text))
<BR>[Address Reference Count : 2]<UL><LI> startup_mke17z7.o(.isr_vector)
<LI> startup_mke17z7.o(.text)
</UL>
<P><STRONG><a name="[4]"></a>PendSV_Handler</STRONG> (Thumb, 4 bytes, Stack size 0 bytes, startup_mke17z7.o(.text))
<BR>[Address Reference Count : 2]<UL><LI> startup_mke17z7.o(.isr_vector)
<LI> startup_mke17z7.o(.text)
</UL>
<P><STRONG><a name="[5]"></a>SysTick_Handler</STRONG> (Thumb, 4 bytes, Stack size 0 bytes, startup_mke17z7.o(.text))
<BR>[Address Reference Count : 2]<UL><LI> startup_mke17z7.o(.isr_vector)
<LI> startup_mke17z7.o(.text)
</UL>
<P><STRONG><a name="[6]"></a>DMA0_04_IRQHandler</STRONG> (Thumb, 4 bytes, Stack size 0 bytes, startup_mke17z7.o(.text))
<BR>[Address Reference Count : 1]<UL><LI> startup_mke17z7.o(.isr_vector)
</UL>
<P><STRONG><a name="[7]"></a>DMA0_15_IRQHandler</STRONG> (Thumb, 4 bytes, Stack size 0 bytes, startup_mke17z7.o(.text))
<BR>[Address Reference Count : 1]<UL><LI> startup_mke17z7.o(.isr_vector)
</UL>
<P><STRONG><a name="[8]"></a>DMA0_26_IRQHandler</STRONG> (Thumb, 4 bytes, Stack size 0 bytes, startup_mke17z7.o(.text))
<BR>[Address Reference Count : 1]<UL><LI> startup_mke17z7.o(.isr_vector)
</UL>
<P><STRONG><a name="[9]"></a>DMA0_37_IRQHandler</STRONG> (Thumb, 4 bytes, Stack size 0 bytes, startup_mke17z7.o(.text))
<BR>[Address Reference Count : 1]<UL><LI> startup_mke17z7.o(.isr_vector)
</UL>
<P><STRONG><a name="[a]"></a>DMA_Error_IRQHandler</STRONG> (Thumb, 4 bytes, Stack size 0 bytes, startup_mke17z7.o(.text))
<BR>[Address Reference Count : 1]<UL><LI> startup_mke17z7.o(.isr_vector)
</UL>
<P><STRONG><a name="[e]"></a>LPI2C0_IRQHandler</STRONG> (Thumb, 4 bytes, Stack size 0 bytes, startup_mke17z7.o(.text))
<BR>[Address Reference Count : 1]<UL><LI> startup_mke17z7.o(.isr_vector)
</UL>
<P><STRONG><a name="[10]"></a>LPSPI0_IRQHandler</STRONG> (Thumb, 4 bytes, Stack size 0 bytes, startup_mke17z7.o(.text))
<BR>[Address Reference Count : 1]<UL><LI> startup_mke17z7.o(.isr_vector)
</UL>
<P><STRONG><a name="[12]"></a>LPUART0_IRQHandler</STRONG> (Thumb, 4 bytes, Stack size 0 bytes, startup_mke17z7.o(.text))
<BR>[Address Reference Count : 1]<UL><LI> startup_mke17z7.o(.isr_vector)
</UL>
<P><STRONG><a name="[13]"></a>LPUART1_IRQHandler</STRONG> (Thumb, 4 bytes, Stack size 0 bytes, startup_mke17z7.o(.text))
<BR>[Address Reference Count : 1]<UL><LI> startup_mke17z7.o(.isr_vector)
</UL>
<P><STRONG><a name="[14]"></a>LPUART2_IRQHandler</STRONG> (Thumb, 4 bytes, Stack size 0 bytes, startup_mke17z7.o(.text))
<BR>[Address Reference Count : 1]<UL><LI> startup_mke17z7.o(.isr_vector)
</UL>
<P><STRONG><a name="[1d]"></a>FLEXIO_IRQHandler</STRONG> (Thumb, 4 bytes, Stack size 0 bytes, startup_mke17z7.o(.text))
<BR>[Address Reference Count : 1]<UL><LI> startup_mke17z7.o(.isr_vector)
</UL>
<P><STRONG><a name="[57]"></a>memcpy</STRONG> (Thumb, 0 bytes, Stack size 0 bytes, memcpy.o(.text))
<BR><BR>[Called By]<UL><LI><a href="#[54]">&gt;&gt;</a>&nbsp;&nbsp;&nbsp;DbgConsole_Vprintf
</UL>

<P><STRONG><a name="[5d]"></a>memset</STRONG> (Thumb, 18 bytes, Stack size 0 bytes, memset.o(.text))
<BR><BR>[Called By]<UL><LI><a href="#[6a]">&gt;&gt;</a>&nbsp;&nbsp;&nbsp;LPTMR_GetDefaultConfig
<LI><a href="#[5c]">&gt;&gt;</a>&nbsp;&nbsp;&nbsp;FTM_GetDefaultConfig
<LI><a href="#[63]">&gt;&gt;</a>&nbsp;&nbsp;&nbsp;LPUART_GetDefaultConfig
</UL>

<P><STRONG><a name="[58]"></a>strlen</STRONG> (Thumb, 14 bytes, Stack size 0 bytes, strlen.o(.text))
<BR><BR>[Called By]<UL><LI><a href="#[54]">&gt;&gt;</a>&nbsp;&nbsp;&nbsp;DbgConsole_Vprintf
</UL>

<P><STRONG><a name="[4d]"></a>__aeabi_uidiv</STRONG> (Thumb, 0 bytes, Stack size 0 bytes, uidiv_div0.o(.text))
<BR><BR>[Called By]<UL><LI><a href="#[51]">&gt;&gt;</a>&nbsp;&nbsp;&nbsp;DbgConsole_ConvertRadixNumToString
<LI><a href="#[6d]">&gt;&gt;</a>&nbsp;&nbsp;&nbsp;Lptmr_Init
<LI><a href="#[5b]">&gt;&gt;</a>&nbsp;&nbsp;&nbsp;FTM_CalculateCounterClkDiv
<LI><a href="#[60]">&gt;&gt;</a>&nbsp;&nbsp;&nbsp;FTM_SetupPwm
<LI><a href="#[46]">&gt;&gt;</a>&nbsp;&nbsp;&nbsp;CLOCK_GetSysClkFreq
<LI><a href="#[64]">&gt;&gt;</a>&nbsp;&nbsp;&nbsp;LPUART_Init
<LI><a href="#[42]">&gt;&gt;</a>&nbsp;&nbsp;&nbsp;CLOCK_GetIpFreq
</UL>

<P><STRONG><a name="[38]"></a>__scatterload</STRONG> (Thumb, 28 bytes, Stack size 0 bytes, init.o(.text))
<BR><BR>[Calls]<UL><LI><a href="#[39]">&gt;&gt;</a>&nbsp;&nbsp;&nbsp;__main_after_scatterload
</UL>
<BR>[Called By]<UL><LI><a href="#[37]">&gt;&gt;</a>&nbsp;&nbsp;&nbsp;_main_scatterload
</UL>

<P><STRONG><a name="[3a]"></a>BOARD_BootClockRUN</STRONG> (Thumb, 140 bytes, Stack size 0 bytes, clock_config.o(.text.BOARD_BootClockRUN))
<BR><BR>[Calls]<UL><LI><a href="#[3b]">&gt;&gt;</a>&nbsp;&nbsp;&nbsp;CLOCK_InitSirc
<LI><a href="#[3d]">&gt;&gt;</a>&nbsp;&nbsp;&nbsp;CLOCK_InitLpFll
<LI><a href="#[3c]">&gt;&gt;</a>&nbsp;&nbsp;&nbsp;CLOCK_InitFirc
</UL>
<BR>[Called By]<UL><LI><a href="#[3e]">&gt;&gt;</a>&nbsp;&nbsp;&nbsp;BOARD_InitBootClocks
</UL>

<P><STRONG><a name="[3e]"></a>BOARD_InitBootClocks</STRONG> (Thumb, 8 bytes, Stack size 0 bytes, clock_config.o(.text.BOARD_InitBootClocks))
<BR><BR>[Calls]<UL><LI><a href="#[3a]">&gt;&gt;</a>&nbsp;&nbsp;&nbsp;BOARD_BootClockRUN
</UL>
<BR>[Called By]<UL><LI><a href="#[26]">&gt;&gt;</a>&nbsp;&nbsp;&nbsp;main
</UL>

<P><STRONG><a name="[3f]"></a>BOARD_InitBootPins</STRONG> (Thumb, 8 bytes, Stack size 0 bytes, pin_mux.o(.text.BOARD_InitBootPins))
<BR><BR>[Calls]<UL><LI><a href="#[40]">&gt;&gt;</a>&nbsp;&nbsp;&nbsp;BOARD_InitPins
</UL>
<BR>[Called By]<UL><LI><a href="#[26]">&gt;&gt;</a>&nbsp;&nbsp;&nbsp;main
</UL>

<P><STRONG><a name="[41]"></a>BOARD_InitDebugConsole</STRONG> (Thumb, 56 bytes, Stack size 0 bytes, board.o(.text.BOARD_InitDebugConsole))
<BR><BR>[Calls]<UL><LI><a href="#[43]">&gt;&gt;</a>&nbsp;&nbsp;&nbsp;DbgConsole_Init
<LI><a href="#[42]">&gt;&gt;</a>&nbsp;&nbsp;&nbsp;CLOCK_GetIpFreq
</UL>
<BR>[Called By]<UL><LI><a href="#[26]">&gt;&gt;</a>&nbsp;&nbsp;&nbsp;main
</UL>

<P><STRONG><a name="[40]"></a>BOARD_InitPins</STRONG> (Thumb, 120 bytes, Stack size 0 bytes, pin_mux.o(.text.BOARD_InitPins))
<BR><BR>[Calls]<UL><LI><a href="#[44]">&gt;&gt;</a>&nbsp;&nbsp;&nbsp;GPIO_PinInit
</UL>
<BR>[Called By]<UL><LI><a href="#[3f]">&gt;&gt;</a>&nbsp;&nbsp;&nbsp;BOARD_InitBootPins
</UL>

<P><STRONG><a name="[4e]"></a>CLOCK_DeinitFirc</STRONG> (Thumb, 20 bytes, Stack size 0 bytes, fsl_clock.o(.text.CLOCK_DeinitFirc))
<BR><BR>[Called By]<UL><LI><a href="#[3c]">&gt;&gt;</a>&nbsp;&nbsp;&nbsp;CLOCK_InitFirc
</UL>

<P><STRONG><a name="[4f]"></a>CLOCK_DeinitLpFll</STRONG> (Thumb, 32 bytes, Stack size 0 bytes, fsl_clock.o(.text.CLOCK_DeinitLpFll))
<BR><BR>[Called By]<UL><LI><a href="#[3d]">&gt;&gt;</a>&nbsp;&nbsp;&nbsp;CLOCK_InitLpFll
</UL>

<P><STRONG><a name="[50]"></a>CLOCK_DeinitSirc</STRONG> (Thumb, 32 bytes, Stack size 0 bytes, fsl_clock.o(.text.CLOCK_DeinitSirc))
<BR><BR>[Called By]<UL><LI><a href="#[3b]">&gt;&gt;</a>&nbsp;&nbsp;&nbsp;CLOCK_InitSirc
</UL>

<P><STRONG><a name="[4b]"></a>CLOCK_GetFircAsyncFreq</STRONG> (Thumb, 36 bytes, Stack size 0 bytes, fsl_clock.o(.text.CLOCK_GetFircAsyncFreq))
<BR><BR>[Called By]<UL><LI><a href="#[45]">&gt;&gt;</a>&nbsp;&nbsp;&nbsp;CLOCK_GetFreq
<LI><a href="#[42]">&gt;&gt;</a>&nbsp;&nbsp;&nbsp;CLOCK_GetIpFreq
</UL>

<P><STRONG><a name="[45]"></a>CLOCK_GetFreq</STRONG> (Thumb, 132 bytes, Stack size 0 bytes, fsl_clock.o(.text.CLOCK_GetFreq))
<BR><BR>[Calls]<UL><LI><a href="#[49]">&gt;&gt;</a>&nbsp;&nbsp;&nbsp;CLOCK_GetSysOscAsyncFreq
<LI><a href="#[46]">&gt;&gt;</a>&nbsp;&nbsp;&nbsp;CLOCK_GetSysClkFreq
<LI><a href="#[47]">&gt;&gt;</a>&nbsp;&nbsp;&nbsp;CLOCK_GetSircFreq
<LI><a href="#[4a]">&gt;&gt;</a>&nbsp;&nbsp;&nbsp;CLOCK_GetSircAsyncFreq
<LI><a href="#[48]">&gt;&gt;</a>&nbsp;&nbsp;&nbsp;CLOCK_GetLpFllFreq
<LI><a href="#[4c]">&gt;&gt;</a>&nbsp;&nbsp;&nbsp;CLOCK_GetLpFllAsyncFreq
<LI><a href="#[4b]">&gt;&gt;</a>&nbsp;&nbsp;&nbsp;CLOCK_GetFircAsyncFreq
</UL>
<BR>[Called By]<UL><LI><a href="#[6f]">&gt;&gt;</a>&nbsp;&nbsp;&nbsp;PWM_Init
<LI><a href="#[6d]">&gt;&gt;</a>&nbsp;&nbsp;&nbsp;Lptmr_Init
</UL>

<P><STRONG><a name="[42]"></a>CLOCK_GetIpFreq</STRONG> (Thumb, 82 bytes, Stack size 0 bytes, fsl_clock.o(.text.CLOCK_GetIpFreq))
<BR><BR>[Calls]<UL><LI><a href="#[4d]">&gt;&gt;</a>&nbsp;&nbsp;&nbsp;__aeabi_uidiv
<LI><a href="#[49]">&gt;&gt;</a>&nbsp;&nbsp;&nbsp;CLOCK_GetSysOscAsyncFreq
<LI><a href="#[4a]">&gt;&gt;</a>&nbsp;&nbsp;&nbsp;CLOCK_GetSircAsyncFreq
<LI><a href="#[4c]">&gt;&gt;</a>&nbsp;&nbsp;&nbsp;CLOCK_GetLpFllAsyncFreq
<LI><a href="#[4b]">&gt;&gt;</a>&nbsp;&nbsp;&nbsp;CLOCK_GetFircAsyncFreq
</UL>
<BR>[Called By]<UL><LI><a href="#[41]">&gt;&gt;</a>&nbsp;&nbsp;&nbsp;BOARD_InitDebugConsole
</UL>

<P><STRONG><a name="[4c]"></a>CLOCK_GetLpFllAsyncFreq</STRONG> (Thumb, 40 bytes, Stack size 0 bytes, fsl_clock.o(.text.CLOCK_GetLpFllAsyncFreq))
<BR><BR>[Calls]<UL><LI><a href="#[48]">&gt;&gt;</a>&nbsp;&nbsp;&nbsp;CLOCK_GetLpFllFreq
</UL>
<BR>[Called By]<UL><LI><a href="#[45]">&gt;&gt;</a>&nbsp;&nbsp;&nbsp;CLOCK_GetFreq
<LI><a href="#[42]">&gt;&gt;</a>&nbsp;&nbsp;&nbsp;CLOCK_GetIpFreq
</UL>

<P><STRONG><a name="[48]"></a>CLOCK_GetLpFllFreq</STRONG> (Thumb, 36 bytes, Stack size 0 bytes, fsl_clock.o(.text.CLOCK_GetLpFllFreq))
<BR><BR>[Called By]<UL><LI><a href="#[46]">&gt;&gt;</a>&nbsp;&nbsp;&nbsp;CLOCK_GetSysClkFreq
<LI><a href="#[4c]">&gt;&gt;</a>&nbsp;&nbsp;&nbsp;CLOCK_GetLpFllAsyncFreq
<LI><a href="#[45]">&gt;&gt;</a>&nbsp;&nbsp;&nbsp;CLOCK_GetFreq
</UL>

<P><STRONG><a name="[4a]"></a>CLOCK_GetSircAsyncFreq</STRONG> (Thumb, 40 bytes, Stack size 0 bytes, fsl_clock.o(.text.CLOCK_GetSircAsyncFreq))
<BR><BR>[Calls]<UL><LI><a href="#[47]">&gt;&gt;</a>&nbsp;&nbsp;&nbsp;CLOCK_GetSircFreq
</UL>
<BR>[Called By]<UL><LI><a href="#[45]">&gt;&gt;</a>&nbsp;&nbsp;&nbsp;CLOCK_GetFreq
<LI><a href="#[42]">&gt;&gt;</a>&nbsp;&nbsp;&nbsp;CLOCK_GetIpFreq
</UL>

<P><STRONG><a name="[47]"></a>CLOCK_GetSircFreq</STRONG> (Thumb, 36 bytes, Stack size 0 bytes, fsl_clock.o(.text.CLOCK_GetSircFreq))
<BR><BR>[Called By]<UL><LI><a href="#[46]">&gt;&gt;</a>&nbsp;&nbsp;&nbsp;CLOCK_GetSysClkFreq
<LI><a href="#[4a]">&gt;&gt;</a>&nbsp;&nbsp;&nbsp;CLOCK_GetSircAsyncFreq
<LI><a href="#[45]">&gt;&gt;</a>&nbsp;&nbsp;&nbsp;CLOCK_GetFreq
</UL>

<P><STRONG><a name="[46]"></a>CLOCK_GetSysClkFreq</STRONG> (Thumb, 112 bytes, Stack size 0 bytes, fsl_clock.o(.text.CLOCK_GetSysClkFreq))
<BR><BR>[Calls]<UL><LI><a href="#[4d]">&gt;&gt;</a>&nbsp;&nbsp;&nbsp;__aeabi_uidiv
<LI><a href="#[47]">&gt;&gt;</a>&nbsp;&nbsp;&nbsp;CLOCK_GetSircFreq
<LI><a href="#[48]">&gt;&gt;</a>&nbsp;&nbsp;&nbsp;CLOCK_GetLpFllFreq
</UL>
<BR>[Called By]<UL><LI><a href="#[45]">&gt;&gt;</a>&nbsp;&nbsp;&nbsp;CLOCK_GetFreq
</UL>

<P><STRONG><a name="[49]"></a>CLOCK_GetSysOscAsyncFreq</STRONG> (Thumb, 48 bytes, Stack size 0 bytes, fsl_clock.o(.text.CLOCK_GetSysOscAsyncFreq))
<BR><BR>[Called By]<UL><LI><a href="#[45]">&gt;&gt;</a>&nbsp;&nbsp;&nbsp;CLOCK_GetFreq
<LI><a href="#[42]">&gt;&gt;</a>&nbsp;&nbsp;&nbsp;CLOCK_GetIpFreq
</UL>

<P><STRONG><a name="[3c]"></a>CLOCK_InitFirc</STRONG> (Thumb, 112 bytes, Stack size 0 bytes, fsl_clock.o(.text.CLOCK_InitFirc))
<BR><BR>[Calls]<UL><LI><a href="#[4e]">&gt;&gt;</a>&nbsp;&nbsp;&nbsp;CLOCK_DeinitFirc
</UL>
<BR>[Called By]<UL><LI><a href="#[3a]">&gt;&gt;</a>&nbsp;&nbsp;&nbsp;BOARD_BootClockRUN
</UL>

<P><STRONG><a name="[3d]"></a>CLOCK_InitLpFll</STRONG> (Thumb, 132 bytes, Stack size 0 bytes, fsl_clock.o(.text.CLOCK_InitLpFll))
<BR><BR>[Calls]<UL><LI><a href="#[4f]">&gt;&gt;</a>&nbsp;&nbsp;&nbsp;CLOCK_DeinitLpFll
</UL>
<BR>[Called By]<UL><LI><a href="#[3a]">&gt;&gt;</a>&nbsp;&nbsp;&nbsp;BOARD_BootClockRUN
</UL>

<P><STRONG><a name="[3b]"></a>CLOCK_InitSirc</STRONG> (Thumb, 48 bytes, Stack size 0 bytes, fsl_clock.o(.text.CLOCK_InitSirc))
<BR><BR>[Calls]<UL><LI><a href="#[50]">&gt;&gt;</a>&nbsp;&nbsp;&nbsp;CLOCK_DeinitSirc
</UL>
<BR>[Called By]<UL><LI><a href="#[3a]">&gt;&gt;</a>&nbsp;&nbsp;&nbsp;BOARD_BootClockRUN
</UL>

<P><STRONG><a name="[43]"></a>DbgConsole_Init</STRONG> (Thumb, 72 bytes, Stack size 0 bytes, fsl_debug_console.o(.text.DbgConsole_Init))
<BR><BR>[Calls]<UL><LI><a href="#[52]">&gt;&gt;</a>&nbsp;&nbsp;&nbsp;HAL_UartInit
</UL>
<BR>[Called By]<UL><LI><a href="#[41]">&gt;&gt;</a>&nbsp;&nbsp;&nbsp;BOARD_InitDebugConsole
</UL>

<P><STRONG><a name="[53]"></a>DbgConsole_Printf</STRONG> (Thumb, 24 bytes, Stack size 0 bytes, fsl_debug_console.o(.text.DbgConsole_Printf))
<BR><BR>[Calls]<UL><LI><a href="#[54]">&gt;&gt;</a>&nbsp;&nbsp;&nbsp;DbgConsole_Vprintf
</UL>
<BR>[Called By]<UL><LI><a href="#[26]">&gt;&gt;</a>&nbsp;&nbsp;&nbsp;main
<LI><a href="#[23]">&gt;&gt;</a>&nbsp;&nbsp;&nbsp;PWT_LPTMR0_IRQHandler
</UL>

<P><STRONG><a name="[56]"></a>DbgConsole_Putchar</STRONG> (Thumb, 32 bytes, Stack size 0 bytes, fsl_debug_console.o(.text.DbgConsole_Putchar))
<BR><BR>[Called By]<UL><LI><a href="#[54]">&gt;&gt;</a>&nbsp;&nbsp;&nbsp;DbgConsole_Vprintf
<LI><a href="#[55]">&gt;&gt;</a>&nbsp;&nbsp;&nbsp;DbgConsole_PrintfPaddingCharacter
</UL>

<P><STRONG><a name="[54]"></a>DbgConsole_Vprintf</STRONG> (Thumb, 500 bytes, Stack size 0 bytes, fsl_debug_console.o(.text.DbgConsole_Vprintf))
<BR><BR>[Calls]<UL><LI><a href="#[58]">&gt;&gt;</a>&nbsp;&nbsp;&nbsp;strlen
<LI><a href="#[57]">&gt;&gt;</a>&nbsp;&nbsp;&nbsp;memcpy
<LI><a href="#[56]">&gt;&gt;</a>&nbsp;&nbsp;&nbsp;DbgConsole_Putchar
<LI><a href="#[55]">&gt;&gt;</a>&nbsp;&nbsp;&nbsp;DbgConsole_PrintfPaddingCharacter
<LI><a href="#[51]">&gt;&gt;</a>&nbsp;&nbsp;&nbsp;DbgConsole_ConvertRadixNumToString
</UL>
<BR>[Called By]<UL><LI><a href="#[53]">&gt;&gt;</a>&nbsp;&nbsp;&nbsp;DbgConsole_Printf
</UL>

<P><STRONG><a name="[17]"></a>FTM0_IRQHandler</STRONG> (Thumb, 80 bytes, Stack size 0 bytes, ftm_simple_pwm.o(.text.FTM0_IRQHandler))
<BR><BR>[Calls]<UL><LI><a href="#[59]">&gt;&gt;</a>&nbsp;&nbsp;&nbsp;FTM_GetStatusFlags
<LI><a href="#[5a]">&gt;&gt;</a>&nbsp;&nbsp;&nbsp;FTM_ClearStatusFlags
</UL>
<BR>[Address Reference Count : 1]<UL><LI> startup_mke17z7.o(.isr_vector)
</UL>
<P><STRONG><a name="[5a]"></a>FTM_ClearStatusFlags</STRONG> (Thumb, 76 bytes, Stack size 0 bytes, fsl_ftm.o(.text.FTM_ClearStatusFlags))
<BR><BR>[Called By]<UL><LI><a href="#[17]">&gt;&gt;</a>&nbsp;&nbsp;&nbsp;FTM0_IRQHandler
</UL>

<P><STRONG><a name="[69]"></a>FTM_EnableInterrupts</STRONG> (Thumb, 76 bytes, Stack size 0 bytes, fsl_ftm.o(.text.FTM_EnableInterrupts))
<BR><BR>[Called By]<UL><LI><a href="#[67]">&gt;&gt;</a>&nbsp;&nbsp;&nbsp;Input_capture_init
</UL>

<P><STRONG><a name="[5c]"></a>FTM_GetDefaultConfig</STRONG> (Thumb, 40 bytes, Stack size 0 bytes, fsl_ftm.o(.text.FTM_GetDefaultConfig))
<BR><BR>[Calls]<UL><LI><a href="#[5d]">&gt;&gt;</a>&nbsp;&nbsp;&nbsp;memset
</UL>
<BR>[Called By]<UL><LI><a href="#[6f]">&gt;&gt;</a>&nbsp;&nbsp;&nbsp;PWM_Init
<LI><a href="#[67]">&gt;&gt;</a>&nbsp;&nbsp;&nbsp;Input_capture_init
</UL>

<P><STRONG><a name="[59]"></a>FTM_GetStatusFlags</STRONG> (Thumb, 60 bytes, Stack size 0 bytes, fsl_ftm.o(.text.FTM_GetStatusFlags))
<BR><BR>[Called By]<UL><LI><a href="#[17]">&gt;&gt;</a>&nbsp;&nbsp;&nbsp;FTM0_IRQHandler
</UL>

<P><STRONG><a name="[5e]"></a>FTM_Init</STRONG> (Thumb, 480 bytes, Stack size 0 bytes, fsl_ftm.o(.text.FTM_Init))
<BR><BR>[Calls]<UL><LI><a href="#[5f]">&gt;&gt;</a>&nbsp;&nbsp;&nbsp;FTM_GetInstance
</UL>
<BR>[Called By]<UL><LI><a href="#[6f]">&gt;&gt;</a>&nbsp;&nbsp;&nbsp;PWM_Init
<LI><a href="#[67]">&gt;&gt;</a>&nbsp;&nbsp;&nbsp;Input_capture_init
</UL>

<P><STRONG><a name="[68]"></a>FTM_SetupInputCapture</STRONG> (Thumb, 76 bytes, Stack size 0 bytes, fsl_ftm.o(.text.FTM_SetupInputCapture))
<BR><BR>[Called By]<UL><LI><a href="#[67]">&gt;&gt;</a>&nbsp;&nbsp;&nbsp;Input_capture_init
</UL>

<P><STRONG><a name="[60]"></a>FTM_SetupPwm</STRONG> (Thumb, 504 bytes, Stack size 0 bytes, fsl_ftm.o(.text.FTM_SetupPwm))
<BR><BR>[Calls]<UL><LI><a href="#[4d]">&gt;&gt;</a>&nbsp;&nbsp;&nbsp;__aeabi_uidiv
<LI><a href="#[62]">&gt;&gt;</a>&nbsp;&nbsp;&nbsp;FTM_SetDeadTimeEnable
<LI><a href="#[61]">&gt;&gt;</a>&nbsp;&nbsp;&nbsp;FTM_SetComplementaryEnable
</UL>
<BR>[Called By]<UL><LI><a href="#[6f]">&gt;&gt;</a>&nbsp;&nbsp;&nbsp;PWM_Init
</UL>

<P><STRONG><a name="[44]"></a>GPIO_PinInit</STRONG> (Thumb, 42 bytes, Stack size 0 bytes, fsl_gpio.o(.text.GPIO_PinInit))
<BR><BR>[Called By]<UL><LI><a href="#[40]">&gt;&gt;</a>&nbsp;&nbsp;&nbsp;BOARD_InitPins
</UL>

<P><STRONG><a name="[52]"></a>HAL_UartInit</STRONG> (Thumb, 140 bytes, Stack size 0 bytes, fsl_adapter_lpuart.o(.text.HAL_UartInit))
<BR><BR>[Calls]<UL><LI><a href="#[64]">&gt;&gt;</a>&nbsp;&nbsp;&nbsp;LPUART_Init
<LI><a href="#[63]">&gt;&gt;</a>&nbsp;&nbsp;&nbsp;LPUART_GetDefaultConfig
</UL>
<BR>[Called By]<UL><LI><a href="#[43]">&gt;&gt;</a>&nbsp;&nbsp;&nbsp;DbgConsole_Init
</UL>

<P><STRONG><a name="[35]"></a>HAL_UartReceiveBlocking</STRONG> (Thumb, 28 bytes, Stack size 0 bytes, fsl_adapter_lpuart.o(.text.HAL_UartReceiveBlocking))
<BR><BR>[Calls]<UL><LI><a href="#[65]">&gt;&gt;</a>&nbsp;&nbsp;&nbsp;LPUART_ReadBlocking
</UL>
<BR>[Address Reference Count : 1]<UL><LI> fsl_debug_console.o(.text.DbgConsole_Init)
</UL>
<P><STRONG><a name="[36]"></a>HAL_UartSendBlocking</STRONG> (Thumb, 24 bytes, Stack size 0 bytes, fsl_adapter_lpuart.o(.text.HAL_UartSendBlocking))
<BR><BR>[Calls]<UL><LI><a href="#[66]">&gt;&gt;</a>&nbsp;&nbsp;&nbsp;LPUART_WriteBlocking
</UL>
<BR>[Address Reference Count : 1]<UL><LI> fsl_debug_console.o(.text.DbgConsole_Init)
</UL>
<P><STRONG><a name="[67]"></a>Input_capture_init</STRONG> (Thumb, 88 bytes, Stack size 0 bytes, ftm_simple_pwm.o(.text.Input_capture_init))
<BR><BR>[Calls]<UL><LI><a href="#[68]">&gt;&gt;</a>&nbsp;&nbsp;&nbsp;FTM_SetupInputCapture
<LI><a href="#[5e]">&gt;&gt;</a>&nbsp;&nbsp;&nbsp;FTM_Init
<LI><a href="#[5c]">&gt;&gt;</a>&nbsp;&nbsp;&nbsp;FTM_GetDefaultConfig
<LI><a href="#[69]">&gt;&gt;</a>&nbsp;&nbsp;&nbsp;FTM_EnableInterrupts
</UL>
<BR>[Called By]<UL><LI><a href="#[26]">&gt;&gt;</a>&nbsp;&nbsp;&nbsp;main
</UL>

<P><STRONG><a name="[6a]"></a>LPTMR_GetDefaultConfig</STRONG> (Thumb, 32 bytes, Stack size 0 bytes, fsl_lptmr.o(.text.LPTMR_GetDefaultConfig))
<BR><BR>[Calls]<UL><LI><a href="#[5d]">&gt;&gt;</a>&nbsp;&nbsp;&nbsp;memset
</UL>
<BR>[Called By]<UL><LI><a href="#[6d]">&gt;&gt;</a>&nbsp;&nbsp;&nbsp;Lptmr_Init
</UL>

<P><STRONG><a name="[6e]"></a>LPTMR_Init</STRONG> (Thumb, 76 bytes, Stack size 0 bytes, fsl_lptmr.o(.text.LPTMR_Init))
<BR><BR>[Called By]<UL><LI><a href="#[6d]">&gt;&gt;</a>&nbsp;&nbsp;&nbsp;Lptmr_Init
</UL>

<P><STRONG><a name="[31]"></a>LPUART0_DriverIRQHandler</STRONG> (Thumb, 20 bytes, Stack size 0 bytes, fsl_lpuart.o(.text.LPUART0_DriverIRQHandler))
<BR>[Address Reference Count : 1]<UL><LI> startup_mke17z7.o(.text)
</UL>
<P><STRONG><a name="[32]"></a>LPUART1_DriverIRQHandler</STRONG> (Thumb, 20 bytes, Stack size 0 bytes, fsl_lpuart.o(.text.LPUART1_DriverIRQHandler))
<BR>[Address Reference Count : 1]<UL><LI> startup_mke17z7.o(.text)
</UL>
<P><STRONG><a name="[33]"></a>LPUART2_DriverIRQHandler</STRONG> (Thumb, 28 bytes, Stack size 0 bytes, fsl_lpuart.o(.text.LPUART2_DriverIRQHandler))
<BR>[Address Reference Count : 1]<UL><LI> startup_mke17z7.o(.text)
</UL>
<P><STRONG><a name="[6c]"></a>LPUART_ClearStatusFlags</STRONG> (Thumb, 60 bytes, Stack size 0 bytes, fsl_lpuart.o(.text.LPUART_ClearStatusFlags))
<BR><BR>[Called By]<UL><LI><a href="#[65]">&gt;&gt;</a>&nbsp;&nbsp;&nbsp;LPUART_ReadBlocking
</UL>

<P><STRONG><a name="[63]"></a>LPUART_GetDefaultConfig</STRONG> (Thumb, 28 bytes, Stack size 0 bytes, fsl_lpuart.o(.text.LPUART_GetDefaultConfig))
<BR><BR>[Calls]<UL><LI><a href="#[5d]">&gt;&gt;</a>&nbsp;&nbsp;&nbsp;memset
</UL>
<BR>[Called By]<UL><LI><a href="#[52]">&gt;&gt;</a>&nbsp;&nbsp;&nbsp;HAL_UartInit
</UL>

<P><STRONG><a name="[6b]"></a>LPUART_GetInstance</STRONG> (Thumb, 36 bytes, Stack size 0 bytes, fsl_lpuart.o(.text.LPUART_GetInstance))
<BR><BR>[Called By]<UL><LI><a href="#[64]">&gt;&gt;</a>&nbsp;&nbsp;&nbsp;LPUART_Init
</UL>

<P><STRONG><a name="[64]"></a>LPUART_Init</STRONG> (Thumb, 436 bytes, Stack size 0 bytes, fsl_lpuart.o(.text.LPUART_Init))
<BR><BR>[Calls]<UL><LI><a href="#[4d]">&gt;&gt;</a>&nbsp;&nbsp;&nbsp;__aeabi_uidiv
<LI><a href="#[6b]">&gt;&gt;</a>&nbsp;&nbsp;&nbsp;LPUART_GetInstance
</UL>
<BR>[Called By]<UL><LI><a href="#[52]">&gt;&gt;</a>&nbsp;&nbsp;&nbsp;HAL_UartInit
</UL>

<P><STRONG><a name="[65]"></a>LPUART_ReadBlocking</STRONG> (Thumb, 208 bytes, Stack size 0 bytes, fsl_lpuart.o(.text.LPUART_ReadBlocking))
<BR><BR>[Calls]<UL><LI><a href="#[6c]">&gt;&gt;</a>&nbsp;&nbsp;&nbsp;LPUART_ClearStatusFlags
</UL>
<BR>[Called By]<UL><LI><a href="#[35]">&gt;&gt;</a>&nbsp;&nbsp;&nbsp;HAL_UartReceiveBlocking
</UL>

<P><STRONG><a name="[66]"></a>LPUART_WriteBlocking</STRONG> (Thumb, 30 bytes, Stack size 0 bytes, fsl_lpuart.o(.text.LPUART_WriteBlocking))
<BR><BR>[Calls]<UL><LI><a href="#[66]">&gt;&gt;</a>&nbsp;&nbsp;&nbsp;LPUART_WriteBlocking
</UL>
<BR>[Called By]<UL><LI><a href="#[66]">&gt;&gt;</a>&nbsp;&nbsp;&nbsp;LPUART_WriteBlocking
<LI><a href="#[36]">&gt;&gt;</a>&nbsp;&nbsp;&nbsp;HAL_UartSendBlocking
</UL>

<P><STRONG><a name="[6d]"></a>Lptmr_Init</STRONG> (Thumb, 76 bytes, Stack size 0 bytes, ftm_simple_pwm.o(.text.Lptmr_Init))
<BR><BR>[Calls]<UL><LI><a href="#[4d]">&gt;&gt;</a>&nbsp;&nbsp;&nbsp;__aeabi_uidiv
<LI><a href="#[6e]">&gt;&gt;</a>&nbsp;&nbsp;&nbsp;LPTMR_Init
<LI><a href="#[6a]">&gt;&gt;</a>&nbsp;&nbsp;&nbsp;LPTMR_GetDefaultConfig
<LI><a href="#[45]">&gt;&gt;</a>&nbsp;&nbsp;&nbsp;CLOCK_GetFreq
</UL>
<BR>[Called By]<UL><LI><a href="#[26]">&gt;&gt;</a>&nbsp;&nbsp;&nbsp;main
</UL>

<P><STRONG><a name="[6f]"></a>PWM_Init</STRONG> (Thumb, 96 bytes, Stack size 0 bytes, ftm_simple_pwm.o(.text.PWM_Init))
<BR><BR>[Calls]<UL><LI><a href="#[5b]">&gt;&gt;</a>&nbsp;&nbsp;&nbsp;FTM_CalculateCounterClkDiv
<LI><a href="#[60]">&gt;&gt;</a>&nbsp;&nbsp;&nbsp;FTM_SetupPwm
<LI><a href="#[5e]">&gt;&gt;</a>&nbsp;&nbsp;&nbsp;FTM_Init
<LI><a href="#[5c]">&gt;&gt;</a>&nbsp;&nbsp;&nbsp;FTM_GetDefaultConfig
<LI><a href="#[45]">&gt;&gt;</a>&nbsp;&nbsp;&nbsp;CLOCK_GetFreq
</UL>
<BR>[Called By]<UL><LI><a href="#[26]">&gt;&gt;</a>&nbsp;&nbsp;&nbsp;main
</UL>

<P><STRONG><a name="[23]"></a>PWT_LPTMR0_IRQHandler</STRONG> (Thumb, 76 bytes, Stack size 0 bytes, ftm_simple_pwm.o(.text.PWT_LPTMR0_IRQHandler))
<BR><BR>[Calls]<UL><LI><a href="#[53]">&gt;&gt;</a>&nbsp;&nbsp;&nbsp;DbgConsole_Printf
</UL>
<BR>[Address Reference Count : 1]<UL><LI> startup_mke17z7.o(.isr_vector)
</UL>
<P><STRONG><a name="[27]"></a>SystemInit</STRONG> (Thumb, 64 bytes, Stack size 0 bytes, system_mke17z7.o(.text.SystemInit))
<BR><BR>[Calls]<UL><LI><a href="#[70]">&gt;&gt;</a>&nbsp;&nbsp;&nbsp;SystemInitHook
</UL>
<BR>[Address Reference Count : 1]<UL><LI> startup_mke17z7.o(.text)
</UL>
<P><STRONG><a name="[70]"></a>SystemInitHook</STRONG> (Thumb, 2 bytes, Stack size 0 bytes, system_mke17z7.o(.text.SystemInitHook))
<BR><BR>[Called By]<UL><LI><a href="#[27]">&gt;&gt;</a>&nbsp;&nbsp;&nbsp;SystemInit
</UL>

<P><STRONG><a name="[26]"></a>main</STRONG> (Thumb, 76 bytes, Stack size 0 bytes, ftm_simple_pwm.o(.text.main))
<BR><BR>[Calls]<UL><LI><a href="#[6f]">&gt;&gt;</a>&nbsp;&nbsp;&nbsp;PWM_Init
<LI><a href="#[6d]">&gt;&gt;</a>&nbsp;&nbsp;&nbsp;Lptmr_Init
<LI><a href="#[67]">&gt;&gt;</a>&nbsp;&nbsp;&nbsp;Input_capture_init
<LI><a href="#[53]">&gt;&gt;</a>&nbsp;&nbsp;&nbsp;DbgConsole_Printf
<LI><a href="#[3f]">&gt;&gt;</a>&nbsp;&nbsp;&nbsp;BOARD_InitBootPins
<LI><a href="#[3e]">&gt;&gt;</a>&nbsp;&nbsp;&nbsp;BOARD_InitBootClocks
<LI><a href="#[41]">&gt;&gt;</a>&nbsp;&nbsp;&nbsp;BOARD_InitDebugConsole
</UL>
<BR>[Address Reference Count : 1]<UL><LI> entry9a.o(.ARM.Collect$$$$0000000B)
</UL><P>
<H3>
Local Symbols
</H3>
<P><STRONG><a name="[5f]"></a>FTM_GetInstance</STRONG> (Thumb, 36 bytes, Stack size 0 bytes, fsl_ftm.o(.text.FTM_GetInstance))
<BR><BR>[Called By]<UL><LI><a href="#[5e]">&gt;&gt;</a>&nbsp;&nbsp;&nbsp;FTM_Init
</UL>

<P><STRONG><a name="[61]"></a>FTM_SetComplementaryEnable</STRONG> (Thumb, 26 bytes, Stack size 0 bytes, fsl_ftm.o(.text.FTM_SetComplementaryEnable))
<BR><BR>[Called By]<UL><LI><a href="#[60]">&gt;&gt;</a>&nbsp;&nbsp;&nbsp;FTM_SetupPwm
</UL>

<P><STRONG><a name="[62]"></a>FTM_SetDeadTimeEnable</STRONG> (Thumb, 26 bytes, Stack size 0 bytes, fsl_ftm.o(.text.FTM_SetDeadTimeEnable))
<BR><BR>[Called By]<UL><LI><a href="#[60]">&gt;&gt;</a>&nbsp;&nbsp;&nbsp;FTM_SetupPwm
</UL>

<P><STRONG><a name="[5b]"></a>FTM_CalculateCounterClkDiv</STRONG> (Thumb, 44 bytes, Stack size 0 bytes, ftm_simple_pwm.o(.text.FTM_CalculateCounterClkDiv))
<BR><BR>[Calls]<UL><LI><a href="#[4d]">&gt;&gt;</a>&nbsp;&nbsp;&nbsp;__aeabi_uidiv
</UL>
<BR>[Called By]<UL><LI><a href="#[6f]">&gt;&gt;</a>&nbsp;&nbsp;&nbsp;PWM_Init
</UL>

<P><STRONG><a name="[51]"></a>DbgConsole_ConvertRadixNumToString</STRONG> (Thumb, 76 bytes, Stack size 0 bytes, fsl_debug_console.o(.text.DbgConsole_ConvertRadixNumToString))
<BR><BR>[Calls]<UL><LI><a href="#[4d]">&gt;&gt;</a>&nbsp;&nbsp;&nbsp;__aeabi_uidiv
</UL>
<BR>[Called By]<UL><LI><a href="#[54]">&gt;&gt;</a>&nbsp;&nbsp;&nbsp;DbgConsole_Vprintf
</UL>

<P><STRONG><a name="[55]"></a>DbgConsole_PrintfPaddingCharacter</STRONG> (Thumb, 30 bytes, Stack size 0 bytes, fsl_debug_console.o(.text.DbgConsole_PrintfPaddingCharacter))
<BR><BR>[Calls]<UL><LI><a href="#[56]">&gt;&gt;</a>&nbsp;&nbsp;&nbsp;DbgConsole_Putchar
</UL>
<BR>[Called By]<UL><LI><a href="#[54]">&gt;&gt;</a>&nbsp;&nbsp;&nbsp;DbgConsole_Vprintf
</UL>
<P>
<H3>
Undefined Global Symbols
</H3><HR></body></html>
