<html>
<body>
<pre>
<h1>礦ision Build Log</h1>
<h2>Tool Versions:</h2>
IDE-Version: μVision V5.33.0.0
Copyright (C) 2020 ARM Ltd and ARM Germany GmbH. All rights reserved.
License Information: 1 1, 1, LIC=FYKYW-QP0NF-74PS0-BY6X4-56IJR-4GQX0
 
Tool Versions:
Toolchain:       MDK-ARM Plus  Version: 5.33.0.0
Toolchain Path:  D:\Program Files (x86)\keil_v5\ARM\ARMCLANG\Bin
C Compiler:      ArmClang.exe V6.15
Assembler:       Armasm.exe V6.15
Linker/Locator:  ArmLink.exe V6.15
Library Manager: ArmAr.exe V6.15
Hex Converter:   FromElf.exe V6.15
CPU DLL:         SARMCM3.DLL V5.33.0.0
Dialog DLL:      DARMCM1.DLL V1.19.4.0
Target DLL:      Segger\JL2CM3.dll V2.99.38.0
Dialog DLL:      TARMCM1.DLL V1.14.3.0
 
<h2>Project:</h2>
E:\1.HET_Project\已完结的项目\FUJI\主控板测试软件\test-maincontrol\ftm_simple_pwm(5.19)\ftm_simple_pwm.uvprojx
Project File Date:  05/17/2023

<h2>Output:</h2>
*** Using Compiler 'V6.15', folder: 'D:\Program Files (x86)\keil_v5\ARM\ARMCLANG\Bin'
*** Note: Rebuilding project, since 'Options->Output->Create Batch File' is selected.
Rebuild target 'ftm_simple_pwm debug'
compiling board.c...
compiling clock_config.c...
compiling pin_mux.c...
compiling fsl_component_generic_list.c...
compiling fsl_adapter_lpuart.c...
compiling system_MKE17Z7.c...
compiling fsl_clock.c...
compiling fsl_common.c...
compiling fsl_common_arm.c...
compiling fsl_ftm.c...
compiling fsl_gpio.c...
compiling fsl_lpuart.c...
compiling fsl_smc.c...
compiling fsl_lptmr.c...
compiling ftm_simple_pwm.c...
source/ftm_simple_pwm.c(329): warning: illegal character encoding in string literal [-Winvalid-source-encoding]
                        PRINTF(" 频<C2><CA> = %d Hz\r\n",motorcounter);
                                  ^~~~~~~~
source/ftm_simple_pwm.c(330): warning: illegal character encoding in string literal [-Winvalid-source-encoding]
                        PRINTF(" 占<BF>毡<C8> = %d\r\n",updatedDutycycle);
                                  ^~~~ ~~~~
source/ftm_simple_pwm.c(331): warning: illegal character encoding in string literal [-Winvalid-source-encoding]
                        PRINTF(" <B5><B1>前转<CB><D9> = %d r/s  \r\n",motorcounter/12 );
                                 ^~~~~~~~  ~~~~~~~~
source/ftm_simple_pwm.c(332): warning: illegal character encoding in string literal [-Winvalid-source-encoding]
                        PRINTF(" <C9><E8><D6><C3>转<CB><D9> =%d r/s  <C9><E8><D6><C3>每<B7><D6><D6><D3>转<CB><D9> = %d  \r\n ", target_rpm/60, target_rpm);
                                 ^~~~~~~~~~~~~~~~ ~~~~~~~~          ~~~~~~~~~~~~~~~~ ~~~~~~~~~~~~~~~~ ~~~~~~~~
source/ftm_simple_pwm.c(510): warning: illegal character encoding in string literal [-Winvalid-source-encoding]
        PRINTF("\r\n  <C7><EB><CA><E4><C8><EB>转<CB><D9>,<B7><B6>围[200~1950]<A3><AC><CA><E4><C8><EB><D7>址<FB><BA><F3><C7><EB><BC>踊爻<B5>:");
                      ^~~~~~~~~~~~~~~~~~~~~~~~ ~~~~~~~~ ~~~~~~~~           ~~~~~~~~~~~~~~~~~~~~~~~~~~~~~~~~~~~~~~~~~~~~~~~~~~~~  ~~~~
source/ftm_simple_pwm.c(516): warning: illegal character encoding in string literal [-Winvalid-source-encoding]
                                PRINTF("转<CB><D9><C9><E8><D6>么<ED><CE><F3>\r\n");
                                         ^~~~~~~~~~~~~~~~~~~~ ~~~~~~~~~~~~
source/ftm_simple_pwm.c(521): warning: illegal character encoding in string literal [-Winvalid-source-encoding]
                                PRINTF("转<CB><D9><C9><E8><D6><C3>为<A3><BA>%d rmp\r\n", ch);
                                         ^~~~~~~~~~~~~~~~~~~~~~~~ ~~~~~~~~
7 warnings generated.
assembling startup_MKE17Z7.S...
compiling fsl_assert.c...
compiling fsl_debug_console.c...
compiling fsl_str.c...
linking...
Program Size: Code=10154 RO-data=1054 RW-data=28 ZI-data=2132  
"debug\ftm_simple_pwm.out" - 0 Error(s), 7 Warning(s).

<h2>Software Packages used:</h2>

Package Vendor: NXP
                https://mcuxpresso.nxp.com/cmsis_pack/repo/NXP.MKE17Z7_DFP.15.0.0.pack
                NXP.MKE17Z7_DFP.15.0.0
                Device Family Pack for MKE17Z7

<h2>Collection of Component include folders:</h2>
  D:\Program Files (x86)\keil_v5\NXP\MKE17Z7_DFP\15.0.0

<h2>Collection of Component Files used:</h2>
Build Time Elapsed:  00:00:03
</pre>
</body>
</html>
