Component: ARM Compiler 6.15 Tool: armlink [5dd79300]

==============================================================================

Section Cross References

    board.o(.text.BOARD_InitDebugConsole) refers to board.o(.text.CLOCK_SetIpSrc) for CLOCK_SetIpSrc
    board.o(.text.BOARD_InitDebugConsole) refers to fsl_clock.o(.text.CLOCK_GetIpFreq) for CLOCK_GetIpFreq
    board.o(.text.BOARD_InitDebugConsole) refers to fsl_debug_console.o(.text.DbgConsole_Init) for DbgConsole_Init
    board.o(.ARM.exidx.text.BOARD_InitDebugConsole) refers to board.o(.text.BOARD_InitDebugConsole) for [Anonymous Symbol]
    board.o(.text.CLOCK_SetIpSrc) refers to fsl_assert.o(.text.__aeabi_assert) for __aeabi_assert
    board.o(.ARM.exidx.text.CLOCK_SetIpSrc) refers to board.o(.text.CLOCK_SetIpSrc) for [Anonymous Symbol]
    clock_config.o(.text.BOARD_InitBootClocks) refers to clock_config.o(.text.BOARD_BootClockRUN) for BOARD_BootClockRUN
    clock_config.o(.ARM.exidx.text.BOARD_InitBootClocks) refers to clock_config.o(.text.BOARD_InitBootClocks) for [Anonymous Symbol]
    clock_config.o(.text.BOARD_BootClockRUN) refers to clock_config.o(.text.CLOCK_CONFIG_FircSafeConfig) for CLOCK_CONFIG_FircSafeConfig
    clock_config.o(.text.BOARD_BootClockRUN) refers to fsl_clock.o(.text.CLOCK_InitSirc) for CLOCK_InitSirc
    clock_config.o(.text.BOARD_BootClockRUN) refers to fsl_clock.o(.text.CLOCK_InitLpFll) for CLOCK_InitLpFll
    clock_config.o(.text.BOARD_BootClockRUN) refers to clock_config.o(.text.CLOCK_SetRunModeSysClkConfig) for CLOCK_SetRunModeSysClkConfig
    clock_config.o(.text.BOARD_BootClockRUN) refers to clock_config.o(.text.CLOCK_GetCurSysClkConfig) for CLOCK_GetCurSysClkConfig
    clock_config.o(.text.BOARD_BootClockRUN) refers to clock_config.o(.text.CLOCK_SetIpSrc) for CLOCK_SetIpSrc
    clock_config.o(.text.BOARD_BootClockRUN) refers to clock_config.o(.rodata.g_scgSircConfig_BOARD_BootClockRUN) for g_scgSircConfig_BOARD_BootClockRUN
    clock_config.o(.text.BOARD_BootClockRUN) refers to clock_config.o(.rodata.g_scgLpFllConfig_BOARD_BootClockRUN) for g_scgLpFllConfig_BOARD_BootClockRUN
    clock_config.o(.text.BOARD_BootClockRUN) refers to clock_config.o(.rodata.g_sysClkConfig_BOARD_BootClockRUN) for g_sysClkConfig_BOARD_BootClockRUN
    clock_config.o(.text.BOARD_BootClockRUN) refers to system_mke17z7.o(.data.SystemCoreClock) for SystemCoreClock
    clock_config.o(.ARM.exidx.text.BOARD_BootClockRUN) refers to clock_config.o(.text.BOARD_BootClockRUN) for [Anonymous Symbol]
    clock_config.o(.text.CLOCK_CONFIG_FircSafeConfig) refers to fsl_clock.o(.text.CLOCK_InitSirc) for CLOCK_InitSirc
    clock_config.o(.text.CLOCK_CONFIG_FircSafeConfig) refers to clock_config.o(.text.CLOCK_SetRunModeSysClkConfig) for CLOCK_SetRunModeSysClkConfig
    clock_config.o(.text.CLOCK_CONFIG_FircSafeConfig) refers to clock_config.o(.text.CLOCK_GetCurSysClkConfig) for CLOCK_GetCurSysClkConfig
    clock_config.o(.text.CLOCK_CONFIG_FircSafeConfig) refers to fsl_clock.o(.text.CLOCK_InitFirc) for CLOCK_InitFirc
    clock_config.o(.text.CLOCK_CONFIG_FircSafeConfig) refers to clock_config.o(.rodata.g_scgFircConfig_BOARD_BootClockRUN) for g_scgFircConfig_BOARD_BootClockRUN
    clock_config.o(.ARM.exidx.text.CLOCK_CONFIG_FircSafeConfig) refers to clock_config.o(.text.CLOCK_CONFIG_FircSafeConfig) for [Anonymous Symbol]
    clock_config.o(.text.CLOCK_SetRunModeSysClkConfig) refers to fsl_assert.o(.text.__aeabi_assert) for __aeabi_assert
    clock_config.o(.text.CLOCK_SetRunModeSysClkConfig) refers to clock_config.o(.rodata.str1.1) for .L.str
    clock_config.o(.ARM.exidx.text.CLOCK_SetRunModeSysClkConfig) refers to clock_config.o(.text.CLOCK_SetRunModeSysClkConfig) for [Anonymous Symbol]
    clock_config.o(.text.CLOCK_GetCurSysClkConfig) refers to fsl_assert.o(.text.__aeabi_assert) for __aeabi_assert
    clock_config.o(.text.CLOCK_GetCurSysClkConfig) refers to clock_config.o(.rodata.str1.1) for .L.str
    clock_config.o(.ARM.exidx.text.CLOCK_GetCurSysClkConfig) refers to clock_config.o(.text.CLOCK_GetCurSysClkConfig) for [Anonymous Symbol]
    clock_config.o(.text.CLOCK_SetIpSrc) refers to fsl_assert.o(.text.__aeabi_assert) for __aeabi_assert
    clock_config.o(.text.CLOCK_SetIpSrc) refers to clock_config.o(.rodata.str1.1) for .L.str.1
    clock_config.o(.ARM.exidx.text.CLOCK_SetIpSrc) refers to clock_config.o(.text.CLOCK_SetIpSrc) for [Anonymous Symbol]
    clock_config.o(.text.BOARD_BootClockVLPR) refers to fsl_clock.o(.text.CLOCK_InitSysOsc) for CLOCK_InitSysOsc
    clock_config.o(.text.BOARD_BootClockVLPR) refers to clock_config.o(.text.CLOCK_SetXtal0Freq) for CLOCK_SetXtal0Freq
    clock_config.o(.text.BOARD_BootClockVLPR) refers to clock_config.o(.text.CLOCK_SetVlprModeSysClkConfig) for CLOCK_SetVlprModeSysClkConfig
    clock_config.o(.text.BOARD_BootClockVLPR) refers to clock_config.o(.text.SMC_SetPowerModeProtection) for SMC_SetPowerModeProtection
[...]
    Removing fsl_lpuart.o(.ARM.exidx.text.LPUART_TransferSendNonBlocking), (8 bytes).
    Removing fsl_lpuart.o(.text.LPUART_TransferAbortSend), (60 bytes).
    Removing fsl_lpuart.o(.ARM.exidx.text.LPUART_TransferAbortSend), (8 bytes).
    Removing fsl_lpuart.o(.text.LPUART_TransferGetSendCount), (80 bytes).
    Removing fsl_lpuart.o(.ARM.exidx.text.LPUART_TransferGetSendCount), (8 bytes).
    Removing fsl_lpuart.o(.text.LPUART_TransferReceiveNonBlocking), (368 bytes).
    Removing fsl_lpuart.o(.ARM.exidx.text.LPUART_TransferReceiveNonBlocking), (8 bytes).
    Removing fsl_lpuart.o(.text.LPUART_TransferAbortReceive), (68 bytes).
    Removing fsl_lpuart.o(.ARM.exidx.text.LPUART_TransferAbortReceive), (8 bytes).
    Removing fsl_lpuart.o(.text.LPUART_TransferGetReceiveCount), (72 bytes).
    Removing fsl_lpuart.o(.ARM.exidx.text.LPUART_TransferGetReceiveCount), (8 bytes).
    Removing fsl_lpuart.o(.text.LPUART_TransferHandleIDLEReady), (184 bytes).
    Removing fsl_lpuart.o(.ARM.exidx.text.LPUART_TransferHandleIDLEReady), (8 bytes).
    Removing fsl_lpuart.o(.text.LPUART_TransferHandleReceiveDataFull), (268 bytes).
    Removing fsl_lpuart.o(.ARM.exidx.text.LPUART_TransferHandleReceiveDataFull), (8 bytes).
    Removing fsl_lpuart.o(.text.LPUART_TransferHandleSendDataEmpty), (110 bytes).
    Removing fsl_lpuart.o(.ARM.exidx.text.LPUART_TransferHandleSendDataEmpty), (8 bytes).
    Removing fsl_lpuart.o(.text.LPUART_TransferHandleTransmissionComplete), (52 bytes).
    Removing fsl_lpuart.o(.ARM.exidx.text.LPUART_TransferHandleTransmissionComplete), (8 bytes).
    Removing fsl_lpuart.o(.text.LPUART_TransferHandleErrorIRQ), (2 bytes).
    Removing fsl_lpuart.o(.ARM.exidx.text.LPUART_TransferHandleErrorIRQ), (8 bytes).
    Removing fsl_lpuart.o(.ARM.exidx.text.LPUART0_DriverIRQHandler), (8 bytes).
    Removing fsl_lpuart.o(.ARM.exidx.text.LPUART1_DriverIRQHandler), (8 bytes).
    Removing fsl_lpuart.o(.ARM.exidx.text.LPUART2_DriverIRQHandler), (8 bytes).
    Removing fsl_lpuart.o(.text.__NVIC_EnableIRQ), (24 bytes).
    Removing fsl_lpuart.o(.ARM.exidx.text.__NVIC_EnableIRQ), (8 bytes).
    Removing fsl_lpuart.o(.text.LPUART_ReadNonBlocking), (80 bytes).
    Removing fsl_lpuart.o(.ARM.exidx.text.LPUART_ReadNonBlocking), (8 bytes).
    Removing fsl_lpuart.o(.text.LPUART_TransferIsRxRingBufferFull), (44 bytes).
    Removing fsl_lpuart.o(.ARM.exidx.text.LPUART_TransferIsRxRingBufferFull), (8 bytes).
    Removing fsl_lpuart.o(.text.LPUART_WriteNonBlocking), (40 bytes).
    Removing fsl_lpuart.o(.ARM.exidx.text.LPUART_WriteNonBlocking), (8 bytes).
    Removing fsl_lpuart.o(.rodata.s_lpuartIRQ), (3 bytes).
    Removing fsl_smc.o(.text), (0 bytes).
    Removing fsl_smc.o(.text.SMC_GetParam), (30 bytes).
    Removing fsl_smc.o(.ARM.exidx.text.SMC_GetParam), (8 bytes).
    Removing fsl_smc.o(.text.SMC_PreEnterStopModes), (20 bytes).
    Removing fsl_smc.o(.ARM.exidx.text.SMC_PreEnterStopModes), (8 bytes).
    Removing fsl_smc.o(.text.DisableGlobalIRQ), (8 bytes).
    Removing fsl_smc.o(.ARM.exidx.text.DisableGlobalIRQ), (8 bytes).
    Removing fsl_smc.o(.text.SMC_PostExitStopModes), (20 bytes).
    Removing fsl_smc.o(.ARM.exidx.text.SMC_PostExitStopModes), (8 bytes).
    Removing fsl_smc.o(.text.EnableGlobalIRQ), (6 bytes).
    Removing fsl_smc.o(.ARM.exidx.text.EnableGlobalIRQ), (8 bytes).
    Removing fsl_smc.o(.text.SMC_PreEnterWaitModes), (20 bytes).
    Removing fsl_smc.o(.ARM.exidx.text.SMC_PreEnterWaitModes), (8 bytes).
    Removing fsl_smc.o(.text.SMC_PostExitWaitModes), (20 bytes).
    Removing fsl_smc.o(.ARM.exidx.text.SMC_PostExitWaitModes), (8 bytes).
    Removing fsl_smc.o(.text.SMC_SetPowerModeRun), (12 bytes).
    Removing fsl_smc.o(.ARM.exidx.text.SMC_SetPowerModeRun), (8 bytes).
    Removing fsl_smc.o(.text.SMC_SetPowerModeWait), (28 bytes).
    Removing fsl_smc.o(.ARM.exidx.text.SMC_SetPowerModeWait), (8 bytes).
    Removing fsl_smc.o(.text.SMC_SetPowerModeStop), (60 bytes).
    Removing fsl_smc.o(.ARM.exidx.text.SMC_SetPowerModeStop), (8 bytes).
    Removing fsl_smc.o(.text.SMC_EnterStopRamFunc), (16 bytes).
    Removing fsl_smc.o(.ARM.exidx.text.SMC_EnterStopRamFunc), (8 bytes).
    Removing fsl_smc.o(.text.SMC_SetPowerModeVlpr), (16 bytes).
    Removing fsl_smc.o(.ARM.exidx.text.SMC_SetPowerModeVlpr), (8 bytes).
    Removing fsl_smc.o(.text.SMC_SetPowerModeVlpw), (28 bytes).
    Removing fsl_smc.o(.ARM.exidx.text.SMC_SetPowerModeVlpw), (8 bytes).
    Removing fsl_smc.o(.text.SMC_SetPowerModeVlps), (52 bytes).
    Removing fsl_smc.o(.ARM.exidx.text.SMC_SetPowerModeVlps), (8 bytes).
    Removing fsl_smc.o(.bss.g_savedPrimask), (4 bytes).
    Removing fsl_smc.o(.data.s_stopRamFuncArray), (24 bytes).
    Removing fsl_lptmr.o(.text), (0 bytes).
    Removing fsl_lptmr.o(.ARM.exidx.text.LPTMR_Init), (8 bytes).
    Removing fsl_lptmr.o(.ARM.exidx.text.LPTMR_GetInstance), (8 bytes).
    Removing fsl_lptmr.o(.ARM.exidx.text.CLOCK_EnableClock), (8 bytes).
    Removing fsl_lptmr.o(.text.LPTMR_Deinit), (20 bytes).
    Removing fsl_lptmr.o(.ARM.exidx.text.LPTMR_Deinit), (8 bytes).
    Removing fsl_lptmr.o(.text.CLOCK_DisableClock), (48 bytes).
    Removing fsl_lptmr.o(.ARM.exidx.text.CLOCK_DisableClock), (8 bytes).
    Removing fsl_lptmr.o(.ARM.exidx.text.LPTMR_GetDefaultConfig), (8 bytes).
    Removing ftm_simple_pwm.o(.text), (0 bytes).
    Removing ftm_simple_pwm.o(.text.delay), (40 bytes).
    Removing ftm_simple_pwm.o(.ARM.exidx.text.delay), (8 bytes).
    Removing ftm_simple_pwm.o(.ARM.exidx.text.PWM_Init), (8 bytes).
    Removing ftm_simple_pwm.o(.ARM.exidx.text.FTM_CalculateCounterClkDiv), (8 bytes).
    Removing ftm_simple_pwm.o(.ARM.exidx.text.Input_capture_init), (8 bytes).
    Removing ftm_simple_pwm.o(.ARM.exidx.text.FTM_SetTimerPeriod), (8 bytes).
    Removing ftm_simple_pwm.o(.ARM.exidx.text.EnableIRQ), (8 bytes).
    Removing ftm_simple_pwm.o(.ARM.exidx.text.FTM_StartTimer), (8 bytes).
    Removing ftm_simple_pwm.o(.text.TIM2_Init), (100 bytes).
    Removing ftm_simple_pwm.o(.ARM.exidx.text.TIM2_Init), (8 bytes).
    Removing ftm_simple_pwm.o(.ARM.exidx.text.Lptmr_Init), (8 bytes).
    Removing ftm_simple_pwm.o(.ARM.exidx.text.LPTMR_SetTimerPeriod), (8 bytes).
    Removing ftm_simple_pwm.o(.ARM.exidx.text.LPTMR_EnableInterrupts), (8 bytes).
    Removing ftm_simple_pwm.o(.ARM.exidx.text.LPTMR_StartTimer), (8 bytes).
    Removing ftm_simple_pwm.o(.ARM.exidx.text.PWT_LPTMR0_IRQHandler), (8 bytes).
    Removing ftm_simple_pwm.o(.ARM.exidx.text.LPTMR_ClearStatusFlags), (8 bytes).
    Removing ftm_simple_pwm.o(.ARM.exidx.text.FTM0_IRQHandler), (8 bytes).
    Removing ftm_simple_pwm.o(.ARM.exidx.text.main), (8 bytes).
    Removing ftm_simple_pwm.o(.ARM.exidx.text.__NVIC_EnableIRQ), (8 bytes).
    Removing ftm_simple_pwm.o(.data.brightnessUp), (1 bytes).
    Removing ftm_simple_pwm.o(.bss.g_secondChannelOverflowCount), (4 bytes).
    Removing ftm_simple_pwm.o(.bss.milisecondCounts), (4 bytes).
    Removing ftm_simple_pwm.o(.data.pwmLevel), (1 bytes).
    Removing ftm_simple_pwm.o(.bss.lptmrCounter), (4 bytes).
    Removing ftm_simple_pwm.o(.bss.captureVal), (4 bytes).
    Removing ftm_simple_pwm.o(.bss.capture1Val), (4 bytes).
    Removing ftm_simple_pwm.o(.bss.capture2Val), (4 bytes).
    Removing ftm_simple_pwm.o(.bss.pulseWidth), (4 bytes).
    Removing ftm_simple_pwm.o(.bss.Frequency), (4 bytes).
    Removing ftm_simple_pwm.o(.bss.capturecount), (2 bytes).
    Removing ftm_simple_pwm.o(.bss.displayFlag), (1 bytes).
    Removing ftm_simple_pwm.o(.ARM.use_no_argv), (4 bytes).
    Removing fsl_assert.o(.text), (0 bytes).
    Removing fsl_assert.o(.ARM.exidx.text.__aeabi_assert), (8 bytes).
    Removing fsl_debug_console.o(.text), (0 bytes).
    Removing fsl_debug_console.o(.ARM.exidx.text.DbgConsole_Init), (8 bytes).
    Removing fsl_debug_console.o(.text.DbgConsole_Deinit), (28 bytes).
    Removing fsl_debug_console.o(.ARM.exidx.text.DbgConsole_Deinit), (8 bytes).
    Removing fsl_debug_console.o(.ARM.exidx.text.DbgConsole_Printf), (8 bytes).
    Removing fsl_debug_console.o(.ARM.exidx.text.DbgConsole_Vprintf), (8 bytes).
    Removing fsl_debug_console.o(.ARM.exidx.text.DbgConsole_PrintfFormattedData), (8 bytes).
    Removing fsl_debug_console.o(.ARM.exidx.text.DbgConsole_Putchar), (8 bytes).
    Removing fsl_debug_console.o(.text.DbgConsole_Scanf), (120 bytes).
    Removing fsl_debug_console.o(.ARM.exidx.text.DbgConsole_Scanf), (8 bytes).
    Removing fsl_debug_console.o(.text.DbgConsole_Getchar), (44 bytes).
    Removing fsl_debug_console.o(.ARM.exidx.text.DbgConsole_Getchar), (8 bytes).
    Removing fsl_debug_console.o(.ARM.exidx.text.DbgConsole_ConvertRadixNumToString), (8 bytes).
    Removing fsl_debug_console.o(.ARM.exidx.text.DbgConsole_PrintfPaddingCharacter), (8 bytes).
    Removing fsl_str.o(.text), (0 bytes).
    Removing fsl_str.o(.text.StrFormatPrintf), (422 bytes).
    Removing fsl_str.o(.ARM.exidx.text.StrFormatPrintf), (8 bytes).
    Removing fsl_str.o(.text.PrintGetWidth), (48 bytes).
    Removing fsl_str.o(.ARM.exidx.text.PrintGetWidth), (8 bytes).
    Removing fsl_str.o(.text.PrintGetPrecision), (46 bytes).
    Removing fsl_str.o(.ARM.exidx.text.PrintGetPrecision), (8 bytes).
    Removing fsl_str.o(.text.PrintFilterLengthFlag), (22 bytes).
    Removing fsl_str.o(.ARM.exidx.text.PrintFilterLengthFlag), (8 bytes).
    Removing fsl_str.o(.text.PrintIsdi), (16 bytes).
    Removing fsl_str.o(.ARM.exidx.text.PrintIsdi), (8 bytes).
    Removing fsl_str.o(.text.ConvertRadixNumToString), (80 bytes).
    Removing fsl_str.o(.ARM.exidx.text.ConvertRadixNumToString), (8 bytes).
    Removing fsl_str.o(.text.PrintOutputdifFobpu), (60 bytes).
    Removing fsl_str.o(.ARM.exidx.text.PrintOutputdifFobpu), (8 bytes).
    Removing fsl_str.o(.text.PrintIsfF), (16 bytes).
    Removing fsl_str.o(.ARM.exidx.text.PrintIsfF), (8 bytes).
    Removing fsl_str.o(.text.PrintIsxX), (16 bytes).
    Removing fsl_str.o(.ARM.exidx.text.PrintIsxX), (8 bytes).
    Removing fsl_str.o(.text.PrintOutputxX), (60 bytes).
    Removing fsl_str.o(.ARM.exidx.text.PrintOutputxX), (8 bytes).
    Removing fsl_str.o(.text.PrintIsobpu), (32 bytes).
    Removing fsl_str.o(.ARM.exidx.text.PrintIsobpu), (8 bytes).
    Removing fsl_str.o(.text.PrintGetRadixFromobpu), (28 bytes).
    Removing fsl_str.o(.ARM.exidx.text.PrintGetRadixFromobpu), (8 bytes).
    Removing fsl_str.o(.text.StrFormatScanf), (450 bytes).
    Removing fsl_str.o(.ARM.exidx.text.StrFormatScanf), (8 bytes).
    Removing fsl_str.o(.text.ScanIgnoreWhiteSpace), (40 bytes).
    Removing fsl_str.o(.ARM.exidx.text.ScanIgnoreWhiteSpace), (8 bytes).
    Removing fsl_str.o(.text.StrFormatScanIsFormatStarting), (20 bytes).
    Removing fsl_str.o(.ARM.exidx.text.StrFormatScanIsFormatStarting), (8 bytes).
    Removing fsl_str.o(.text.StrFormatScanfStringHandling), (248 bytes).
    Removing fsl_str.o(.ARM.exidx.text.StrFormatScanfStringHandling), (8 bytes).
    Removing fsl_str.o(.text.ScanIsWhiteSpace), (20 bytes).
    Removing fsl_str.o(.ARM.exidx.text.ScanIsWhiteSpace), (8 bytes).
    Removing fsl_str.o(.text.StrFormatScanGetBase), (34 bytes).
    Removing fsl_str.o(.ARM.exidx.text.StrFormatScanGetBase), (8 bytes).
    Removing fsl_str.o(.text.StrFormatScanCheckSymbol), (34 bytes).
    Removing fsl_str.o(.ARM.exidx.text.StrFormatScanCheckSymbol), (8 bytes).
    Removing fsl_str.o(.text.StrFormatScanFillInteger), (12 bytes).
    Removing fsl_str.o(.ARM.exidx.text.StrFormatScanFillInteger), (8 bytes).

382 unused section(s) (total 10264 bytes) removed from the image.

==============================================================================

Image Symbol Table

    Local Symbols

    Symbol Name                              Value     Ov Type        Size  Object(Section)

    ../clib/division.s                       0x00000000   Number         0  aeabi_sdivfast.o ABSOLUTE
    ../clib/division.s                       0x00000000   Number         0  aeabi_sdivfast_div0.o ABSOLUTE
    ../clib/longlong.c                       0x00000000   Number         0  llmul.o ABSOLUTE
    ../clib/microlib/ctype/ctype.c           0x00000000   Number         0  ctype_o.o ABSOLUTE
    ../clib/microlib/ctype/ctype.c           0x00000000   Number         0  isalnum_o.o ABSOLUTE
    ../clib/microlib/ctype/ctype.c           0x00000000   Number         0  isalpha_o.o ABSOLUTE
    ../clib/microlib/ctype/ctype.c           0x00000000   Number         0  isblank_o.o ABSOLUTE
    ../clib/microlib/ctype/ctype.c           0x00000000   Number         0  iscntrl_o.o ABSOLUTE
    ../clib/microlib/ctype/ctype.c           0x00000000   Number         0  isdigit_o.o ABSOLUTE
    ../clib/microlib/ctype/ctype.c           0x00000000   Number         0  isgraph_o.o ABSOLUTE
    ../clib/microlib/ctype/ctype.c           0x00000000   Number         0  islower_o.o ABSOLUTE
    ../clib/microlib/ctype/ctype.c           0x00000000   Number         0  isprint_o.o ABSOLUTE
    ../clib/microlib/ctype/ctype.c           0x00000000   Number         0  ispunct_o.o ABSOLUTE
    ../clib/microlib/ctype/ctype.c           0x00000000   Number         0  isspace_o.o ABSOLUTE
    ../clib/microlib/ctype/ctype.c           0x00000000   Number         0  isupper_o.o ABSOLUTE
    ../clib/microlib/ctype/ctype.c           0x00000000   Number         0  isxdigit_o.o ABSOLUTE
    ../clib/microlib/division.c              0x00000000   Number         0  uidiv.o ABSOLUTE
    ../clib/microlib/division.c              0x00000000   Number         0  uldiv.o ABSOLUTE
    ../clib/microlib/division.c              0x00000000   Number         0  uidiv_div0.o ABSOLUTE
    ../clib/microlib/division.c              0x00000000   Number         0  idiv_div0.o ABSOLUTE
    ../clib/microlib/division.c              0x00000000   Number         0  idiv0.o ABSOLUTE
    ../clib/microlib/errno.c                 0x00000000   Number         0  errno.o ABSOLUTE
    ../clib/microlib/init/entry.s            0x00000000   Number         0  entry.o ABSOLUTE
    ../clib/microlib/init/entry.s            0x00000000   Number         0  entry4.o ABSOLUTE
    ../clib/microlib/init/entry.s            0x00000000   Number         0  entry5.o ABSOLUTE
    ../clib/microlib/init/entry.s            0x00000000   Number         0  entry7a.o ABSOLUTE
    ../clib/microlib/init/entry.s            0x00000000   Number         0  entry7b.o ABSOLUTE
    ../clib/microlib/init/entry.s            0x00000000   Number         0  entry8a.o ABSOLUTE
    ../clib/microlib/init/entry.s            0x00000000   Number         0  entry8b.o ABSOLUTE
    ../clib/microlib/init/entry.s            0x00000000   Number         0  entry9a.o ABSOLUTE
    ../clib/microlib/init/entry.s            0x00000000   Number         0  entry9b.o ABSOLUTE
    ../clib/microlib/init/entry.s            0x00000000   Number         0  entry10a.o ABSOLUTE
    ../clib/microlib/init/entry.s            0x00000000   Number         0  entry10b.o ABSOLUTE
    ../clib/microlib/init/entry.s            0x00000000   Number         0  entry11a.o ABSOLUTE
    ../clib/microlib/init/entry.s            0x00000000   Number         0  entry11b.o ABSOLUTE
    ../clib/microlib/longlong.c              0x00000000   Number         0  llshl.o ABSOLUTE
    ../clib/microlib/longlong.c              0x00000000   Number         0  llushr.o ABSOLUTE
    ../clib/microlib/malloc/malloc.c         0x00000000   Number         0  malloc2.o ABSOLUTE
    ../clib/microlib/malloc/malloc.c         0x00000000   Number         0  mallocr2.o ABSOLUTE
    ../clib/microlib/malloc/malloc.c         0x00000000   Number         0  malloca2.o ABSOLUTE
    ../clib/microlib/malloc/malloc.c         0x00000000   Number         0  mallocra2.o ABSOLUTE
    ../clib/microlib/malloc/mvars.c          0x00000000   Number         0  mvars.o ABSOLUTE
    ../clib/microlib/string/memcpy.c         0x00000000   Number         0  memcpy.o ABSOLUTE
    ../clib/microlib/string/memcpy.c         0x00000000   Number         0  memcpyc.o ABSOLUTE
    ../clib/microlib/string/memcpy.c         0x00000000   Number         0  memcpya.o ABSOLUTE
    ../clib/microlib/string/memcpy.c         0x00000000   Number         0  memcpyb.o ABSOLUTE
    ../clib/microlib/string/memset.c         0x00000000   Number         0  memset.o ABSOLUTE
    ../clib/microlib/string/memset.c         0x00000000   Number         0  memseta.o ABSOLUTE
    ../clib/microlib/string/strlen.c         0x00000000   Number         0  strlen.o ABSOLUTE
    ../clib/scanf.c                          0x00000000   Number         0  strtoul.o ABSOLUTE
    ../clib/scanf.c                          0x00000000   Number         0  _strtoul.o ABSOLUTE
    ../clib/scanf.c                          0x00000000   Number         0  _chval.o ABSOLUTE
    board.c                                  0x00000000   Number         0  board.o ABSOLUTE
    clock_config.c                           0x00000000   Number         0  clock_config.o ABSOLUTE
    dc.s                                     0x00000000   Number         0  dc.o ABSOLUTE
    fsl_adapter_lpuart.c                     0x00000000   Number         0  fsl_adapter_lpuart.o ABSOLUTE
    fsl_assert.c                             0x00000000   Number         0  fsl_assert.o ABSOLUTE
    fsl_clock.c                              0x00000000   Number         0  fsl_clock.o ABSOLUTE
    fsl_common.c                             0x00000000   Number         0  fsl_common.o ABSOLUTE
    fsl_common_arm.c                         0x00000000   Number         0  fsl_common_arm.o ABSOLUTE
    fsl_component_generic_list.c             0x00000000   Number         0  fsl_component_generic_list.o ABSOLUTE
    fsl_debug_console.c                      0x00000000   Number         0  fsl_debug_console.o ABSOLUTE
    fsl_ftm.c                                0x00000000   Number         0  fsl_ftm.o ABSOLUTE
    fsl_gpio.c                               0x00000000   Number         0  fsl_gpio.o ABSOLUTE
    fsl_lptmr.c                              0x00000000   Number         0  fsl_lptmr.o ABSOLUTE
    fsl_lpuart.c                             0x00000000   Number         0  fsl_lpuart.o ABSOLUTE
    fsl_smc.c                                0x00000000   Number         0  fsl_smc.o ABSOLUTE
    fsl_str.c                                0x00000000   Number         0  fsl_str.o ABSOLUTE
    ftm_simple_pwm.c                         0x00000000   Number         0  ftm_simple_pwm.o ABSOLUTE
    handlers.s                               0x00000000   Number         0  handlers.o ABSOLUTE
    init.s                                   0x00000000   Number         0  init.o ABSOLUTE
    pin_mux.c                                0x00000000   Number         0  pin_mux.o ABSOLUTE
    system_MKE17Z7.c                         0x00000000   Number         0  system_mke17z7.o ABSOLUTE
    [Anonymous Symbol]                       0x00000000   Section        0  startup_mke17z7.o(.isr_vector)
    .ARM.Collect$$$$00000000                 0x00000410   Section        0  entry.o(.ARM.Collect$$$$00000000)
    .ARM.Collect$$$$00000003                 0x00000410   Section        4  entry4.o(.ARM.Collect$$$$00000003)
    .ARM.Collect$$$$00000004                 0x00000414   Section        4  entry5.o(.ARM.Collect$$$$00000004)
    .ARM.Collect$$$$00000008                 0x00000418   Section        0  entry7b.o(.ARM.Collect$$$$00000008)
    .ARM.Collect$$$$0000000A                 0x00000418   Section        0  entry8b.o(.ARM.Collect$$$$0000000A)
    .ARM.Collect$$$$0000000B                 0x00000418   Section        8  entry9a.o(.ARM.Collect$$$$0000000B)
    __lit__00000000                          0x00000420   Data           4  entry4.o(.ARM.Collect$$$$00002714)
    .ARM.Collect$$$$0000000D                 0x00000420   Section        0  entry10a.o(.ARM.Collect$$$$0000000D)
    .ARM.Collect$$$$0000000F                 0x00000420   Section        0  entry11a.o(.ARM.Collect$$$$0000000F)
    .ARM.Collect$$$$00002714                 0x00000420   Section        4  entry4.o(.ARM.Collect$$$$00002714)
    [Anonymous Symbol]                       0x00000424   Section        0  startup_mke17z7.o(.text)
    .text                                    0x000004d4   Section        0  memcpy.o(.text)
    .text                                    0x000004fc   Section        0  memset.o(.text)
    .text                                    0x0000050e   Section        0  strlen.o(.text)
    .text                                    0x0000051c   Section        0  uidiv_div0.o(.text)
    .text                                    0x0000055c   Section       36  init.o(.text)
    [Anonymous Symbol]                       0x00000580   Section        0  clock_config.o(.text.BOARD_BootClockRUN)
    __arm_cp.1_0                             0x000005bc   Number         4  clock_config.o(.text.BOARD_BootClockRUN)
    __arm_cp.1_1                             0x000005c0   Number         4  clock_config.o(.text.BOARD_BootClockRUN)
    __arm_cp.1_2                             0x000005c4   Number         4  clock_config.o(.text.BOARD_BootClockRUN)
    __arm_cp.1_3                             0x000005c8   Number         4  clock_config.o(.text.BOARD_BootClockRUN)
    __arm_cp.1_4                             0x000005cc   Number         4  clock_config.o(.text.BOARD_BootClockRUN)
    [Anonymous Symbol]                       0x000005d0   Section        0  clock_config.o(.text.BOARD_InitBootClocks)
    [Anonymous Symbol]                       0x000005d8   Section        0  pin_mux.o(.text.BOARD_InitBootPins)
    [Anonymous Symbol]                       0x000005e0   Section        0  board.o(.text.BOARD_InitDebugConsole)
    __arm_cp.0_0                             0x000005fc   Number         4  board.o(.text.BOARD_InitDebugConsole)
    [Anonymous Symbol]                       0x00000600   Section        0  pin_mux.o(.text.BOARD_InitPins)
    __arm_cp.1_0                             0x0000066c   Number         4  pin_mux.o(.text.BOARD_InitPins)
    __arm_cp.1_1                             0x00000670   Number         4  pin_mux.o(.text.BOARD_InitPins)
    __arm_cp.1_2                             0x00000674   Number         4  pin_mux.o(.text.BOARD_InitPins)
    __arm_cp.1_3                             0x00000678   Number         4  pin_mux.o(.text.BOARD_InitPins)
    __arm_cp.1_4                             0x0000067c   Number         4  pin_mux.o(.text.BOARD_InitPins)
    CLOCK_CONFIG_FircSafeConfig              0x00000681   Thumb Code   104  clock_config.o(.text.CLOCK_CONFIG_FircSafeConfig)
    [Anonymous Symbol]                       0x00000680   Section        0  clock_config.o(.text.CLOCK_CONFIG_FircSafeConfig)
    __arm_cp.2_0                             0x000006e0   Number         4  clock_config.o(.text.CLOCK_CONFIG_FircSafeConfig)
    __arm_cp.2_1                             0x000006e4   Number         4  clock_config.o(.text.CLOCK_CONFIG_FircSafeConfig)
    [Anonymous Symbol]                       0x000006e8   Section        0  fsl_clock.o(.text.CLOCK_DeinitFirc)
    [Anonymous Symbol]                       0x000006fc   Section        0  fsl_clock.o(.text.CLOCK_DeinitLpFll)
    [Anonymous Symbol]                       0x0000071c   Section        0  fsl_clock.o(.text.CLOCK_DeinitSirc)
    __arm_cp.19_1                            0x00000738   Number         4  fsl_clock.o(.text.CLOCK_DeinitSirc)
    CLOCK_EnableClock                        0x0000073d   Thumb Code   116  pin_mux.o(.text.CLOCK_EnableClock)
    [Anonymous Symbol]                       0x0000073c   Section        0  pin_mux.o(.text.CLOCK_EnableClock)
    CLOCK_EnableClock                        0x000007b1   Thumb Code    28  fsl_ftm.o(.text.CLOCK_EnableClock)
    [Anonymous Symbol]                       0x000007b0   Section        0  fsl_ftm.o(.text.CLOCK_EnableClock)
    CLOCK_EnableClock                        0x000007cd   Thumb Code    28  fsl_lpuart.o(.text.CLOCK_EnableClock)
    [Anonymous Symbol]                       0x000007cc   Section        0  fsl_lpuart.o(.text.CLOCK_EnableClock)
    CLOCK_EnableClock                        0x000007e9   Thumb Code    44  fsl_lptmr.o(.text.CLOCK_EnableClock)
    [Anonymous Symbol]                       0x000007e8   Section        0  fsl_lptmr.o(.text.CLOCK_EnableClock)
    __arm_cp.2_0                             0x00000808   Number         4  fsl_lptmr.o(.text.CLOCK_EnableClock)
    __arm_cp.2_1                             0x0000080c   Number         4  fsl_lptmr.o(.text.CLOCK_EnableClock)
    __arm_cp.2_3                             0x00000810   Number         4  fsl_lptmr.o(.text.CLOCK_EnableClock)
    CLOCK_GetCurSysClkConfig                 0x00000815   Thumb Code    28  clock_config.o(.text.CLOCK_GetCurSysClkConfig)
    [Anonymous Symbol]                       0x00000814   Section        0  clock_config.o(.text.CLOCK_GetCurSysClkConfig)
    __arm_cp.4_2                             0x0000082c   Number         4  clock_config.o(.text.CLOCK_GetCurSysClkConfig)
    CLOCK_GetCurSysClkConfig                 0x00000831   Thumb Code    60  fsl_clock.o(.text.CLOCK_GetCurSysClkConfig)
    [Anonymous Symbol]                       0x00000830   Section        0  fsl_clock.o(.text.CLOCK_GetCurSysClkConfig)
    __arm_cp.15_0                            0x00000848   Number         4  fsl_clock.o(.text.CLOCK_GetCurSysClkConfig)
    __arm_cp.15_1                            0x0000084c   Number         4  fsl_clock.o(.text.CLOCK_GetCurSysClkConfig)
    __arm_cp.15_3                            0x00000868   Number         4  fsl_clock.o(.text.CLOCK_GetCurSysClkConfig)
    [Anonymous Symbol]                       0x0000086c   Section        0  fsl_clock.o(.text.CLOCK_GetErClkFreq)
    [Anonymous Symbol]                       0x00000890   Section        0  fsl_clock.o(.text.CLOCK_GetFircAsyncFreq)
    __arm_cp.12_0                            0x000008b8   Number         4  fsl_clock.o(.text.CLOCK_GetFircAsyncFreq)
    [Anonymous Symbol]                       0x000008bc   Section        0  fsl_clock.o(.text.CLOCK_GetFircFreq)
    __arm_cp.8_0                             0x000008d0   Number         4  fsl_clock.o(.text.CLOCK_GetFircFreq)
    __arm_cp.8_1                             0x000008d4   Number         4  fsl_clock.o(.text.CLOCK_GetFircFreq)
    [Anonymous Symbol]                       0x000008d8   Section        0  fsl_clock.o(.text.CLOCK_GetFreq)
    [Anonymous Symbol]                       0x0000094c   Section        0  fsl_clock.o(.text.CLOCK_GetIpFreq)
    [Anonymous Symbol]                       0x000009d4   Section        0  fsl_clock.o(.text.CLOCK_GetLpFllAsyncFreq)
    __arm_cp.13_0                            0x000009fc   Number         4  fsl_clock.o(.text.CLOCK_GetLpFllAsyncFreq)
    [Anonymous Symbol]                       0x00000a00   Section        0  fsl_clock.o(.text.CLOCK_GetLpFllFreq)
    __arm_cp.9_0                             0x00000a18   Number         4  fsl_clock.o(.text.CLOCK_GetLpFllFreq)
    CLOCK_GetLpFllFreq.lpfllFreq             0x00000a1c   Number         0  fsl_clock.o(.text.CLOCK_GetLpFllFreq)
    [Anonymous Symbol]                       0x00000a24   Section        0  fsl_clock.o(.text.CLOCK_GetSircAsyncFreq)
    __arm_cp.11_0                            0x00000a4c   Number         4  fsl_clock.o(.text.CLOCK_GetSircAsyncFreq)
    [Anonymous Symbol]                       0x00000a50   Section        0  fsl_clock.o(.text.CLOCK_GetSircFreq)
    __arm_cp.7_0                             0x00000a68   Number         4  fsl_clock.o(.text.CLOCK_GetSircFreq)
    CLOCK_GetSircFreq.sircFreq               0x00000a6c   Number         0  fsl_clock.o(.text.CLOCK_GetSircFreq)
    [Anonymous Symbol]                       0x00000a74   Section        0  fsl_clock.o(.text.CLOCK_GetSysClkFreq)
    [Anonymous Symbol]                       0x00000ad8   Section        0  fsl_clock.o(.text.CLOCK_GetSysOscAsyncFreq)
    __arm_cp.10_0                            0x00000b00   Number         4  fsl_clock.o(.text.CLOCK_GetSysOscAsyncFreq)
    [Anonymous Symbol]                       0x00000b04   Section        0  fsl_clock.o(.text.CLOCK_GetSysOscFreq)
    __arm_cp.6_0                             0x00000b28   Number         4  fsl_clock.o(.text.CLOCK_GetSysOscFreq)
    __arm_cp.6_1                             0x00000b2c   Number         4  fsl_clock.o(.text.CLOCK_GetSysOscFreq)
    __arm_cp.6_2                             0x00000b30   Number         4  fsl_clock.o(.text.CLOCK_GetSysOscFreq)
    [Anonymous Symbol]                       0x00000b34   Section        0  fsl_clock.o(.text.CLOCK_InitFirc)
    __arm_cp.20_0                            0x00000bac   Number         4  fsl_clock.o(.text.CLOCK_InitFirc)
    __arm_cp.20_1                            0x00000bb0   Number         4  fsl_clock.o(.text.CLOCK_InitFirc)
    __arm_cp.20_2                            0x00000bb4   Number         4  fsl_clock.o(.text.CLOCK_InitFirc)
    __arm_cp.20_4                            0x00000bb8   Number         4  fsl_clock.o(.text.CLOCK_InitFirc)
    [Anonymous Symbol]                       0x00000bbc   Section        0  fsl_clock.o(.text.CLOCK_InitLpFll)
    __arm_cp.22_0                            0x00000c48   Number         4  fsl_clock.o(.text.CLOCK_InitLpFll)
    __arm_cp.22_1                            0x00000c4c   Number         4  fsl_clock.o(.text.CLOCK_InitLpFll)
    __arm_cp.22_3                            0x00000c50   Number         4  fsl_clock.o(.text.CLOCK_InitLpFll)
    [Anonymous Symbol]                       0x00000c54   Section        0  fsl_clock.o(.text.CLOCK_InitSirc)
    __arm_cp.18_0                            0x00000c90   Number         4  fsl_clock.o(.text.CLOCK_InitSirc)
    __arm_cp.18_2                            0x00000c94   Number         4  fsl_clock.o(.text.CLOCK_InitSirc)
    CLOCK_SetIpSrc                           0x00000c99   Thumb Code   104  board.o(.text.CLOCK_SetIpSrc)
    [Anonymous Symbol]                       0x00000c98   Section        0  board.o(.text.CLOCK_SetIpSrc)
    __arm_cp.1_0                             0x00000cc8   Number         4  board.o(.text.CLOCK_SetIpSrc)
    CLOCK_SetIpSrc                           0x00000d01   Thumb Code    80  clock_config.o(.text.CLOCK_SetIpSrc)
    [Anonymous Symbol]                       0x00000d00   Section        0  clock_config.o(.text.CLOCK_SetIpSrc)
    __arm_cp.5_0                             0x00000d30   Number         4  clock_config.o(.text.CLOCK_SetIpSrc)
    CLOCK_SetRunModeSysClkConfig             0x00000d51   Thumb Code    40  clock_config.o(.text.CLOCK_SetRunModeSysClkConfig)
    [Anonymous Symbol]                       0x00000d50   Section        0  clock_config.o(.text.CLOCK_SetRunModeSysClkConfig)
    __arm_cp.3_0                             0x00000d68   Number         4  clock_config.o(.text.CLOCK_SetRunModeSysClkConfig)
    __arm_cp.3_1                             0x00000d6c   Number         4  clock_config.o(.text.CLOCK_SetRunModeSysClkConfig)
    __arm_cp.3_2                             0x00000d70   Number         4  clock_config.o(.text.CLOCK_SetRunModeSysClkConfig)
    __arm_cp.3_3                             0x00000d74   Number         4  clock_config.o(.text.CLOCK_SetRunModeSysClkConfig)
    DbgConsole_ConvertRadixNumToString       0x00000d79   Thumb Code    80  fsl_debug_console.o(.text.DbgConsole_ConvertRadixNumToString)
    [Anonymous Symbol]                       0x00000d78   Section        0  fsl_debug_console.o(.text.DbgConsole_ConvertRadixNumToString)
    [Anonymous Symbol]                       0x00000dc8   Section        0  fsl_debug_console.o(.text.DbgConsole_Init)
    __arm_cp.0_1                             0x00000e04   Number         4  fsl_debug_console.o(.text.DbgConsole_Init)
    __arm_cp.0_2                             0x00000e08   Number         4  fsl_debug_console.o(.text.DbgConsole_Init)
    __arm_cp.0_3                             0x00000e0c   Number         4  fsl_debug_console.o(.text.DbgConsole_Init)
    [Anonymous Symbol]                       0x00000e10   Section        0  fsl_debug_console.o(.text.DbgConsole_Printf)
    DbgConsole_PrintfFormattedData           0x00000e2d   Thumb Code   750  fsl_debug_console.o(.text.DbgConsole_PrintfFormattedData)
    [Anonymous Symbol]                       0x00000e2c   Section        0  fsl_debug_console.o(.text.DbgConsole_PrintfFormattedData)
    DbgConsole_PrintfPaddingCharacter        0x0000111b   Thumb Code    28  fsl_debug_console.o(.text.DbgConsole_PrintfPaddingCharacter)
    [Anonymous Symbol]                       0x0000111a   Section        0  fsl_debug_console.o(.text.DbgConsole_PrintfPaddingCharacter)
    [Anonymous Symbol]                       0x00001138   Section        0  fsl_debug_console.o(.text.DbgConsole_Putchar)
    [Anonymous Symbol]                       0x0000115c   Section        0  fsl_debug_console.o(.text.DbgConsole_Vprintf)
    __arm_cp.3_0                             0x00001174   Number         4  fsl_debug_console.o(.text.DbgConsole_Vprintf)
    EnableIRQ                                0x00001179   Thumb Code     8  ftm_simple_pwm.o(.text.EnableIRQ)
    [Anonymous Symbol]                       0x00001178   Section        0  ftm_simple_pwm.o(.text.EnableIRQ)
    [Anonymous Symbol]                       0x00001180   Section        0  ftm_simple_pwm.o(.text.FTM0_IRQHandler)
    __arm_cp.14_1                            0x000011d0   Number         4  ftm_simple_pwm.o(.text.FTM0_IRQHandler)
    __arm_cp.14_2                            0x000011d4   Number         4  ftm_simple_pwm.o(.text.FTM0_IRQHandler)
    __arm_cp.14_3                            0x000011d8   Number         4  ftm_simple_pwm.o(.text.FTM0_IRQHandler)
    __arm_cp.14_4                            0x000011dc   Number         4  ftm_simple_pwm.o(.text.FTM0_IRQHandler)
    FTM_CalculateCounterClkDiv               0x000011e1   Thumb Code   124  ftm_simple_pwm.o(.text.FTM_CalculateCounterClkDiv)
    [Anonymous Symbol]                       0x000011e0   Section        0  ftm_simple_pwm.o(.text.FTM_CalculateCounterClkDiv)
    __arm_cp.2_2                             0x00001258   Number         4  ftm_simple_pwm.o(.text.FTM_CalculateCounterClkDiv)
    [Anonymous Symbol]                       0x0000125c   Section        0  fsl_ftm.o(.text.FTM_ClearStatusFlags)
    [Anonymous Symbol]                       0x000012a8   Section        0  fsl_ftm.o(.text.FTM_EnableInterrupts)
    [Anonymous Symbol]                       0x000012f4   Section        0  fsl_ftm.o(.text.FTM_GetDefaultConfig)
    FTM_GetInstance                          0x0000133d   Thumb Code    72  fsl_ftm.o(.text.FTM_GetInstance)
    [Anonymous Symbol]                       0x0000133c   Section        0  fsl_ftm.o(.text.FTM_GetInstance)
    s_ftmBases                               0x0000135c   Number         0  fsl_ftm.o(.text.FTM_GetInstance)
    [Anonymous Symbol]                       0x00001384   Section        0  fsl_ftm.o(.text.FTM_GetStatusFlags)
    [Anonymous Symbol]                       0x000013c0   Section        0  fsl_ftm.o(.text.FTM_Init)
    __arm_cp.0_0                             0x00001478   Number         4  fsl_ftm.o(.text.FTM_Init)
    __arm_cp.0_1                             0x0000147c   Number         4  fsl_ftm.o(.text.FTM_Init)
    FTM_SetComplementaryEnable               0x00001489   Thumb Code    28  fsl_ftm.o(.text.FTM_SetComplementaryEnable)
    [Anonymous Symbol]                       0x00001488   Section        0  fsl_ftm.o(.text.FTM_SetComplementaryEnable)
    FTM_SetDeadTimeEnable                    0x000014a5   Thumb Code    28  fsl_ftm.o(.text.FTM_SetDeadTimeEnable)
    [Anonymous Symbol]                       0x000014a4   Section        0  fsl_ftm.o(.text.FTM_SetDeadTimeEnable)
    FTM_SetPwmOutputEnable                   0x000014c1   Thumb Code    26  fsl_ftm.o(.text.FTM_SetPwmOutputEnable)
    [Anonymous Symbol]                       0x000014c0   Section        0  fsl_ftm.o(.text.FTM_SetPwmOutputEnable)
    FTM_SetPwmSync                           0x000014dd   Thumb Code   200  fsl_ftm.o(.text.FTM_SetPwmSync)
    [Anonymous Symbol]                       0x000014dc   Section        0  fsl_ftm.o(.text.FTM_SetPwmSync)
    __arm_cp.3_3                             0x00001598   Number         4  fsl_ftm.o(.text.FTM_SetPwmSync)
    __arm_cp.3_4                             0x0000159c   Number         4  fsl_ftm.o(.text.FTM_SetPwmSync)
    __arm_cp.3_5                             0x000015a0   Number         4  fsl_ftm.o(.text.FTM_SetPwmSync)
    FTM_SetReloadPoints                      0x000015a5   Thumb Code   180  fsl_ftm.o(.text.FTM_SetReloadPoints)
    [Anonymous Symbol]                       0x000015a4   Section        0  fsl_ftm.o(.text.FTM_SetReloadPoints)
    __arm_cp.4_0                             0x00001638   Number         4  fsl_ftm.o(.text.FTM_SetReloadPoints)
    __arm_cp.4_1                             0x0000163c   Number         4  fsl_ftm.o(.text.FTM_SetReloadPoints)
    __arm_cp.4_2                             0x00001640   Number         4  fsl_ftm.o(.text.FTM_SetReloadPoints)
    __arm_cp.4_4                             0x00001654   Number         4  fsl_ftm.o(.text.FTM_SetReloadPoints)
    FTM_SetTimerPeriod                       0x00001659   Thumb Code     8  ftm_simple_pwm.o(.text.FTM_SetTimerPeriod)
    [Anonymous Symbol]                       0x00001658   Section        0  ftm_simple_pwm.o(.text.FTM_SetTimerPeriod)
    [Anonymous Symbol]                       0x00001660   Section        0  fsl_ftm.o(.text.FTM_SetupInputCapture)
    [Anonymous Symbol]                       0x000016ac   Section        0  fsl_ftm.o(.text.FTM_SetupPwm)
    __arm_cp.8_0                             0x000018a0   Number         4  fsl_ftm.o(.text.FTM_SetupPwm)
    __arm_cp.8_1                             0x000018a4   Number         4  fsl_ftm.o(.text.FTM_SetupPwm)
    __arm_cp.8_2                             0x000018a8   Number         4  fsl_ftm.o(.text.FTM_SetupPwm)
    __arm_cp.8_3                             0x000018ac   Number         4  fsl_ftm.o(.text.FTM_SetupPwm)
    __arm_cp.8_5                             0x000018c4   Number         4  fsl_ftm.o(.text.FTM_SetupPwm)
    FTM_StartTimer                           0x000018c9   Thumb Code    14  ftm_simple_pwm.o(.text.FTM_StartTimer)
    [Anonymous Symbol]                       0x000018c8   Section        0  ftm_simple_pwm.o(.text.FTM_StartTimer)
    [Anonymous Symbol]                       0x000018d8   Section        0  fsl_gpio.o(.text.GPIO_PinInit)
    __arm_cp.0_1                             0x00001914   Number         4  fsl_gpio.o(.text.GPIO_PinInit)
    GPIO_PinWrite                            0x00001919   Thumb Code    18  fsl_gpio.o(.text.GPIO_PinWrite)
    [Anonymous Symbol]                       0x00001918   Section        0  fsl_gpio.o(.text.GPIO_PinWrite)
    HAL_UartGetStatus                        0x0000192d   Thumb Code    12  fsl_adapter_lpuart.o(.text.HAL_UartGetStatus)
    [Anonymous Symbol]                       0x0000192c   Section        0  fsl_adapter_lpuart.o(.text.HAL_UartGetStatus)
    __arm_cp.4_0                             0x00001934   Number         4  fsl_adapter_lpuart.o(.text.HAL_UartGetStatus)
    [Anonymous Symbol]                       0x00001938   Section        0  fsl_adapter_lpuart.o(.text.HAL_UartInit)
    __arm_cp.0_0                             0x00001980   Number         4  fsl_adapter_lpuart.o(.text.HAL_UartInit)
    __arm_cp.0_1                             0x00001984   Number         4  fsl_adapter_lpuart.o(.text.HAL_UartInit)
    __arm_cp.0_2                             0x00001988   Number         4  fsl_adapter_lpuart.o(.text.HAL_UartInit)
    HAL_UartInitCommon                       0x0000199d   Thumb Code   140  fsl_adapter_lpuart.o(.text.HAL_UartInitCommon)
    [Anonymous Symbol]                       0x0000199c   Section        0  fsl_adapter_lpuart.o(.text.HAL_UartInitCommon)
    [Anonymous Symbol]                       0x00001a28   Section        0  fsl_adapter_lpuart.o(.text.HAL_UartReceiveBlocking)
    __arm_cp.3_1                             0x00001a6c   Number         4  fsl_adapter_lpuart.o(.text.HAL_UartReceiveBlocking)
    [Anonymous Symbol]                       0x00001a70   Section        0  fsl_adapter_lpuart.o(.text.HAL_UartSendBlocking)
    __arm_cp.5_0                             0x00001ab0   Number         4  fsl_adapter_lpuart.o(.text.HAL_UartSendBlocking)
    __arm_cp.5_1                             0x00001ab4   Number         4  fsl_adapter_lpuart.o(.text.HAL_UartSendBlocking)
    __arm_cp.5_2                             0x00001ab8   Number         4  fsl_adapter_lpuart.o(.text.HAL_UartSendBlocking)
    __arm_cp.5_3                             0x00001abc   Number         4  fsl_adapter_lpuart.o(.text.HAL_UartSendBlocking)
    __arm_cp.5_4                             0x00001ac0   Number         4  fsl_adapter_lpuart.o(.text.HAL_UartSendBlocking)
    __arm_cp.5_5                             0x00001ac4   Number         4  fsl_adapter_lpuart.o(.text.HAL_UartSendBlocking)
    [Anonymous Symbol]                       0x00001ac8   Section        0  ftm_simple_pwm.o(.text.Input_capture_init)
    __arm_cp.3_0                             0x00001b0c   Number         4  ftm_simple_pwm.o(.text.Input_capture_init)
    __arm_cp.3_1                             0x00001b10   Number         4  ftm_simple_pwm.o(.text.Input_capture_init)
    LPTMR_ClearStatusFlags                   0x00001b15   Thumb Code    12  ftm_simple_pwm.o(.text.LPTMR_ClearStatusFlags)
    [Anonymous Symbol]                       0x00001b14   Section        0  ftm_simple_pwm.o(.text.LPTMR_ClearStatusFlags)
    LPTMR_EnableInterrupts                   0x00001b21   Thumb Code    16  ftm_simple_pwm.o(.text.LPTMR_EnableInterrupts)
    [Anonymous Symbol]                       0x00001b20   Section        0  ftm_simple_pwm.o(.text.LPTMR_EnableInterrupts)
    [Anonymous Symbol]                       0x00001b30   Section        0  fsl_lptmr.o(.text.LPTMR_GetDefaultConfig)
    LPTMR_GetInstance                        0x00001b61   Thumb Code    76  fsl_lptmr.o(.text.LPTMR_GetInstance)
    [Anonymous Symbol]                       0x00001b60   Section        0  fsl_lptmr.o(.text.LPTMR_GetInstance)
    __arm_cp.1_0                             0x00001b84   Number         4  fsl_lptmr.o(.text.LPTMR_GetInstance)
    [Anonymous Symbol]                       0x00001bac   Section        0  fsl_lptmr.o(.text.LPTMR_Init)
    __arm_cp.0_0                             0x00001c04   Number         4  fsl_lptmr.o(.text.LPTMR_Init)
    __arm_cp.0_1                             0x00001c08   Number         4  fsl_lptmr.o(.text.LPTMR_Init)
    LPTMR_SetTimerPeriod                     0x00001c0d   Thumb Code    68  ftm_simple_pwm.o(.text.LPTMR_SetTimerPeriod)
    [Anonymous Symbol]                       0x00001c0c   Section        0  ftm_simple_pwm.o(.text.LPTMR_SetTimerPeriod)
    __arm_cp.9_0                             0x00001c28   Number         4  ftm_simple_pwm.o(.text.LPTMR_SetTimerPeriod)
    LPTMR_StartTimer                         0x00001c51   Thumb Code    20  ftm_simple_pwm.o(.text.LPTMR_StartTimer)
    [Anonymous Symbol]                       0x00001c50   Section        0  ftm_simple_pwm.o(.text.LPTMR_StartTimer)
    __arm_cp.11_0                            0x00001c60   Number         4  ftm_simple_pwm.o(.text.LPTMR_StartTimer)
    [Anonymous Symbol]                       0x00001c64   Section        0  fsl_lpuart.o(.text.LPUART0_DriverIRQHandler)
    __arm_cp.36_2                            0x00001c74   Number         4  fsl_lpuart.o(.text.LPUART0_DriverIRQHandler)
    [Anonymous Symbol]                       0x00001c78   Section        0  fsl_lpuart.o(.text.LPUART1_DriverIRQHandler)
    __arm_cp.37_2                            0x00001c88   Number         4  fsl_lpuart.o(.text.LPUART1_DriverIRQHandler)
    [Anonymous Symbol]                       0x00001c8c   Section        0  fsl_lpuart.o(.text.LPUART2_DriverIRQHandler)
    __arm_cp.38_0                            0x00001c9c   Number         4  fsl_lpuart.o(.text.LPUART2_DriverIRQHandler)
    __arm_cp.38_1                            0x00001ca0   Number         4  fsl_lpuart.o(.text.LPUART2_DriverIRQHandler)
    __arm_cp.38_2                            0x00001ca4   Number         4  fsl_lpuart.o(.text.LPUART2_DriverIRQHandler)
    [Anonymous Symbol]                       0x00001ca8   Section        0  fsl_lpuart.o(.text.LPUART_ClearStatusFlags)
    __arm_cp.15_0                            0x00001cd8   Number         4  fsl_lpuart.o(.text.LPUART_ClearStatusFlags)
    [Anonymous Symbol]                       0x00001cdc   Section        0  fsl_lpuart.o(.text.LPUART_GetDefaultConfig)
    __arm_cp.7_0                             0x00001d08   Number         4  fsl_lpuart.o(.text.LPUART_GetDefaultConfig)
    __arm_cp.7_2                             0x00001d0c   Number         4  fsl_lpuart.o(.text.LPUART_GetDefaultConfig)
    [Anonymous Symbol]                       0x00001d10   Section        0  fsl_lpuart.o(.text.LPUART_GetInstance)
    s_lpuartBases                            0x00001d30   Number         0  fsl_lpuart.o(.text.LPUART_GetInstance)
    [Anonymous Symbol]                       0x00001d64   Section        0  fsl_lpuart.o(.text.LPUART_GetStatusFlags)
    __arm_cp.14_0                            0x00001d78   Number         4  fsl_lpuart.o(.text.LPUART_GetStatusFlags)
    [Anonymous Symbol]                       0x00001d7c   Section        0  fsl_lpuart.o(.text.LPUART_Init)
    __arm_cp.2_0                             0x00001f6c   Number         4  fsl_lpuart.o(.text.LPUART_Init)
    __arm_cp.2_1                             0x00001f70   Number         4  fsl_lpuart.o(.text.LPUART_Init)
    __arm_cp.2_2                             0x00001f74   Number         4  fsl_lpuart.o(.text.LPUART_Init)
    __arm_cp.2_3                             0x00001f78   Number         4  fsl_lpuart.o(.text.LPUART_Init)
    __arm_cp.2_4                             0x00001f7c   Number         4  fsl_lpuart.o(.text.LPUART_Init)
    __arm_cp.2_5                             0x00001f80   Number         4  fsl_lpuart.o(.text.LPUART_Init)
    __arm_cp.2_6                             0x00001f84   Number         4  fsl_lpuart.o(.text.LPUART_Init)
    __arm_cp.2_7                             0x00001f88   Number         4  fsl_lpuart.o(.text.LPUART_Init)
    __arm_cp.2_8                             0x00001f8c   Number         4  fsl_lpuart.o(.text.LPUART_Init)
    __arm_cp.2_9                             0x00001f90   Number         4  fsl_lpuart.o(.text.LPUART_Init)
    __arm_cp.2_11                            0x00001fb0   Number         4  fsl_lpuart.o(.text.LPUART_Init)
    [Anonymous Symbol]                       0x00001fb4   Section        0  fsl_lpuart.o(.text.LPUART_ReadBlocking)
    __arm_cp.17_0                            0x000020bc   Number         4  fsl_lpuart.o(.text.LPUART_ReadBlocking)
    __arm_cp.17_2                            0x000020c0   Number         4  fsl_lpuart.o(.text.LPUART_ReadBlocking)
    LPUART_SoftwareReset                     0x000020c5   Thumb Code    16  fsl_lpuart.o(.text.LPUART_SoftwareReset)
    [Anonymous Symbol]                       0x000020c4   Section        0  fsl_lpuart.o(.text.LPUART_SoftwareReset)
    [Anonymous Symbol]                       0x000020d4   Section        0  fsl_lpuart.o(.text.LPUART_WriteBlocking)
    __arm_cp.16_0                            0x00002104   Number         4  fsl_lpuart.o(.text.LPUART_WriteBlocking)
    __arm_cp.16_1                            0x00002108   Number         4  fsl_lpuart.o(.text.LPUART_WriteBlocking)
    __arm_cp.16_2                            0x0000210c   Number         4  fsl_lpuart.o(.text.LPUART_WriteBlocking)
    [Anonymous Symbol]                       0x00002110   Section        0  ftm_simple_pwm.o(.text.Lptmr_Init)
    __arm_cp.8_0                             0x00002148   Number         4  ftm_simple_pwm.o(.text.Lptmr_Init)
    PORT_SetPinMux                           0x0000214d   Thumb Code    22  pin_mux.o(.text.PORT_SetPinMux)
    [Anonymous Symbol]                       0x0000214c   Section        0  pin_mux.o(.text.PORT_SetPinMux)
    [Anonymous Symbol]                       0x00002164   Section        0  ftm_simple_pwm.o(.text.PWM_Init)
    __arm_cp.1_1                             0x000021bc   Number         4  ftm_simple_pwm.o(.text.PWM_Init)
    __arm_cp.1_2                             0x000021c0   Number         4  ftm_simple_pwm.o(.text.PWM_Init)
    [Anonymous Symbol]                       0x000021c4   Section        0  ftm_simple_pwm.o(.text.PWT_LPTMR0_IRQHandler)
    __arm_cp.12_0                            0x00002204   Number         4  ftm_simple_pwm.o(.text.PWT_LPTMR0_IRQHandler)
    __arm_cp.12_1                            0x00002208   Number         4  ftm_simple_pwm.o(.text.PWT_LPTMR0_IRQHandler)
    __arm_cp.12_2                            0x0000220c   Number         4  ftm_simple_pwm.o(.text.PWT_LPTMR0_IRQHandler)
    __arm_cp.12_3                            0x00002210   Number         4  ftm_simple_pwm.o(.text.PWT_LPTMR0_IRQHandler)
    [Anonymous Symbol]                       0x00002224   Section        0  system_mke17z7.o(.text.SystemInit)
    __arm_cp.0_0                             0x00002250   Number         4  system_mke17z7.o(.text.SystemInit)
    __arm_cp.0_1                             0x00002254   Number         4  system_mke17z7.o(.text.SystemInit)
    __arm_cp.0_2                             0x00002258   Number         4  system_mke17z7.o(.text.SystemInit)
    __arm_cp.0_3                             0x0000225c   Number         4  system_mke17z7.o(.text.SystemInit)
    __arm_cp.0_4                             0x00002260   Number         4  system_mke17z7.o(.text.SystemInit)
    [Anonymous Symbol]                       0x00002264   Section        0  system_mke17z7.o(.text.SystemInitHook)
    __NVIC_EnableIRQ                         0x00002269   Thumb Code    20  ftm_simple_pwm.o(.text.__NVIC_EnableIRQ)
    [Anonymous Symbol]                       0x00002268   Section        0  ftm_simple_pwm.o(.text.__NVIC_EnableIRQ)
    __arm_cp.16_0                            0x00002278   Number         4  ftm_simple_pwm.o(.text.__NVIC_EnableIRQ)
    [Anonymous Symbol]                       0x0000227c   Section        0  fsl_assert.o(.text.__aeabi_assert)
    [Anonymous Symbol]                       0x000022b8   Section        0  ftm_simple_pwm.o(.text.main)
    __arm_cp.15_1                            0x000022f8   Number         4  ftm_simple_pwm.o(.text.main)
    i.__scatterload_copy                     0x000022fc   Section       14  handlers.o(i.__scatterload_copy)
    i.__scatterload_null                     0x0000230a   Section        2  handlers.o(i.__scatterload_null)
    i.__scatterload_zeroinit                 0x0000230c   Section       14  handlers.o(i.__scatterload_zeroinit)
    s_LpuartAdapterBase                      0x0000233c   Data          12  fsl_adapter_lpuart.o(.rodata.s_LpuartAdapterBase)
    [Anonymous Symbol]                       0x0000233c   Section        0  fsl_adapter_lpuart.o(.rodata.s_LpuartAdapterBase)
    s_ftmClocks                              0x00002348   Data          12  fsl_ftm.o(.rodata.s_ftmClocks)
    [Anonymous Symbol]                       0x00002348   Section        0  fsl_ftm.o(.rodata.s_ftmClocks)
    s_lpuartClock                            0x00002354   Data          12  fsl_lpuart.o(.rodata.s_lpuartClock)
    [Anonymous Symbol]                       0x00002354   Section        0  fsl_lpuart.o(.rodata.s_lpuartClock)
    .L.str.1                                 0x00002360   Data          22  clock_config.o(.rodata.str1.1)
    .L.str.15                                0x00002360   Data          22  clock_config.o(.rodata.str1.1)
    .L.str.18                                0x00002360   Data          22  clock_config.o(.rodata.str1.1)
    .L.str.4                                 0x00002360   Data          22  clock_config.o(.rodata.str1.1)
    [Anonymous Symbol]                       0x00002360   Section        0  clock_config.o(.rodata.str1.1)
    .L.str.3                                 0x00002376   Data          73  fsl_adapter_lpuart.o(.rodata.str1.1)
    [Anonymous Symbol]                       0x00002376   Section        0  fsl_adapter_lpuart.o(.rodata.str1.1)
    .L.str.6                                 0x000023bf   Data          12  fsl_adapter_lpuart.o(.rodata.str1.1)
    .L.str.5                                 0x000023cb   Data          13  fsl_adapter_lpuart.o(.rodata.str1.1)
    .L.str.9                                 0x000023cb   Data          13  fsl_adapter_lpuart.o(.rodata.str1.1)
    .L.str.1                                 0x000023d8   Data          36  fsl_adapter_lpuart.o(.rodata.str1.1)
    .L.str                                   0x000023fc   Data          15  fsl_adapter_lpuart.o(.rodata.str1.1)
    .L.str.1                                 0x0000240b   Data          20  fsl_clock.o(.rodata.str1.1)
    [Anonymous Symbol]                       0x0000240b   Section        0  fsl_clock.o(.rodata.str1.1)
    .L.str                                   0x0000241f   Data          12  fsl_clock.o(.rodata.str1.1)
    .L.str.6                                 0x0000242b   Data          43  fsl_ftm.o(.rodata.str1.1)
    [Anonymous Symbol]                       0x0000242b   Section        0  fsl_ftm.o(.rodata.str1.1)
    .L.str.14                                0x00002456   Data          62  fsl_ftm.o(.rodata.str1.1)
    .L.str.17                                0x00002456   Data          62  fsl_ftm.o(.rodata.str1.1)
    .L.str.3                                 0x00002456   Data          62  fsl_ftm.o(.rodata.str1.1)
    .L.str.1                                 0x00002494   Data          18  fsl_ftm.o(.rodata.str1.1)
    .L.str.1                                 0x000024a6   Data          19  fsl_gpio.o(.rodata.str1.1)
    [Anonymous Symbol]                       0x000024a6   Section        0  fsl_gpio.o(.rodata.str1.1)
    .L.str                                   0x000024b9   Data          15  fsl_gpio.o(.rodata.str1.1)
    .L.str                                   0x000024b9   Data          15  fsl_gpio.o(.rodata.str1.1)
    .L.str.3                                 0x000024b9   Data          15  fsl_gpio.o(.rodata.str1.1)
    .L.str                                   0x000024c1   Data           7  fsl_gpio.o(.rodata.str1.1)
    .L.str.3                                 0x000024c1   Data           7  fsl_gpio.o(.rodata.str1.1)
    .L.str.1                                 0x000024c8   Data          21  fsl_lpuart.o(.rodata.str1.1)
    [Anonymous Symbol]                       0x000024c8   Section        0  fsl_lpuart.o(.rodata.str1.1)
    .L.str.2                                 0x000024dd   Data          15  fsl_lpuart.o(.rodata.str1.1)
    .L.str.6                                 0x000024dd   Data          71  fsl_lpuart.o(.rodata.str1.1)
    .L.str.5                                 0x00002524   Data          71  fsl_lpuart.o(.rodata.str1.1)
    .L.str.1                                 0x0000256b   Data          20  fsl_lptmr.o(.rodata.str1.1)
    [Anonymous Symbol]                       0x0000256b   Section        0  fsl_lptmr.o(.rodata.str1.1)
    .L.str.8                                 0x00002589   Data          13  fsl_lpuart.o(.rodata.str1.1)
    .L.str.11                                0x000025a3   Data          13  fsl_lpuart.o(.rodata.str1.1)
    .L.str.13                                0x000025b0   Data          21  fsl_lpuart.o(.rodata.str1.1)
    .L.str.14                                0x000025c5   Data          14  fsl_lpuart.o(.rodata.str1.1)
    s_debugConsole                           0x1fffc030   Data          20  fsl_debug_console.o(.bss.s_debugConsole)
    [Anonymous Symbol]                       0x1fffc030   Section        0  fsl_debug_console.o(.bss.s_debugConsole)
    VTOR                                     0xe000ed08   Number         0  startup_mke17z7.o ABSOLUTE

    Global Symbols

    Symbol Name                              Value     Ov Type        Size  Object(Section)

    BuildAttributes$$THM_ISAv3M$S$PE$A:L22$X:L11$S22$IEEE1$IW$USESV6$~STKCKD$USESV7$~SHL$OTIME$EBA8$MICROLIB$REQ8$PRES8$EABIv2 0x00000000   Number         0  anon$$obj.o ABSOLUTE
    __Vectors                                0x00000000   Number       192  startup_mke17z7.o(.isr_vector)
    __cpp_initialize__aeabi_                  - Undefined Weak Reference
    __cxa_finalize                            - Undefined Weak Reference
    __decompress                              - Undefined Weak Reference
    _clock_init                               - Undefined Weak Reference
    _microlib_exit                            - Undefined Weak Reference
    __main                                   0x00000411   Thumb Code     0  entry.o(.ARM.Collect$$$$00000000)
    _main_stk                                0x00000411   Thumb Code     0  entry4.o(.ARM.Collect$$$$00000003)
    _main_scatterload                        0x00000415   Thumb Code     0  entry5.o(.ARM.Collect$$$$00000004)
    __main_after_scatterload                 0x00000419   Thumb Code     0  entry5.o(.ARM.Collect$$$$00000004)
    _main_clock                              0x00000419   Thumb Code     0  entry7b.o(.ARM.Collect$$$$00000008)
    _main_cpp_init                           0x00000419   Thumb Code     0  entry8b.o(.ARM.Collect$$$$0000000A)
    _main_init                               0x00000419   Thumb Code     0  entry9a.o(.ARM.Collect$$$$0000000B)
    __rt_final_cpp                           0x00000421   Thumb Code     0  entry10a.o(.ARM.Collect$$$$0000000D)
    __rt_final_exit                          0x00000421   Thumb Code     0  entry11a.o(.ARM.Collect$$$$0000000F)
    Reset_Handler                            0x00000425   Thumb Code    40  startup_mke17z7.o(.text)
    ADC0_IRQHandler                          0x0000044d   Thumb Code     4  startup_mke17z7.o(.text)
    CMP0_IRQHandler                          0x0000044d   Thumb Code     4  startup_mke17z7.o(.text)
    DMA0_04_DriverIRQHandler                 0x0000044d   Thumb Code     4  startup_mke17z7.o(.text)
    DMA0_15_DriverIRQHandler                 0x0000044d   Thumb Code     4  startup_mke17z7.o(.text)
    DMA0_26_DriverIRQHandler                 0x0000044d   Thumb Code     4  startup_mke17z7.o(.text)
    DMA0_37_DriverIRQHandler                 0x0000044d   Thumb Code     4  startup_mke17z7.o(.text)
    DMA_Error_DriverIRQHandler               0x0000044d   Thumb Code     4  startup_mke17z7.o(.text)
    DefaultISR                               0x0000044d   Thumb Code     4  startup_mke17z7.o(.text)
    FLEXIO_DriverIRQHandler                  0x0000044d   Thumb Code     4  startup_mke17z7.o(.text)
    FTFA_IRQHandler                          0x0000044d   Thumb Code     4  startup_mke17z7.o(.text)
    FTM1_IRQHandler                          0x0000044d   Thumb Code     4  startup_mke17z7.o(.text)
    FTM2_IRQHandler                          0x0000044d   Thumb Code     4  startup_mke17z7.o(.text)
    LPI2C0_DriverIRQHandler                  0x0000044d   Thumb Code     4  startup_mke17z7.o(.text)
    LPIT0_IRQHandler                         0x0000044d   Thumb Code     4  startup_mke17z7.o(.text)
    LPSPI0_DriverIRQHandler                  0x0000044d   Thumb Code     4  startup_mke17z7.o(.text)
    LVD_LVW_IRQHandler                       0x0000044d   Thumb Code     4  startup_mke17z7.o(.text)
    PORTAE_IRQHandler                        0x0000044d   Thumb Code     4  startup_mke17z7.o(.text)
    PORTBCD_IRQHandler                       0x0000044d   Thumb Code     4  startup_mke17z7.o(.text)
    RCM_IRQHandler                           0x0000044d   Thumb Code     4  startup_mke17z7.o(.text)
    Reserved25_IRQHandler                    0x0000044d   Thumb Code     4  startup_mke17z7.o(.text)
    Reserved27_IRQHandler                    0x0000044d   Thumb Code     4  startup_mke17z7.o(.text)
    Reserved36_IRQHandler                    0x0000044d   Thumb Code     4  startup_mke17z7.o(.text)
    Reserved37_IRQHandler                    0x0000044d   Thumb Code     4  startup_mke17z7.o(.text)
    Reserved46_IRQHandler                    0x0000044d   Thumb Code     4  startup_mke17z7.o(.text)
    SCG_IRQHandler                           0x0000044d   Thumb Code     4  startup_mke17z7.o(.text)
    TSI0_IRQHandler                          0x0000044d   Thumb Code     4  startup_mke17z7.o(.text)
    TSI1_IRQHandler                          0x0000044d   Thumb Code     4  startup_mke17z7.o(.text)
    WDOG_EWM_IRQHandler                      0x0000044d   Thumb Code     4  startup_mke17z7.o(.text)
    NMI_Handler                              0x00000451   Thumb Code     4  startup_mke17z7.o(.text)
    HardFault_Handler                        0x00000455   Thumb Code     4  startup_mke17z7.o(.text)
    SVC_Handler                              0x00000459   Thumb Code     4  startup_mke17z7.o(.text)
    PendSV_Handler                           0x0000045d   Thumb Code     4  startup_mke17z7.o(.text)
    SysTick_Handler                          0x00000461   Thumb Code     4  startup_mke17z7.o(.text)
    DMA0_04_IRQHandler                       0x00000465   Thumb Code     4  startup_mke17z7.o(.text)
    DMA0_15_IRQHandler                       0x00000469   Thumb Code     4  startup_mke17z7.o(.text)
    DMA0_26_IRQHandler                       0x0000046d   Thumb Code     4  startup_mke17z7.o(.text)
    DMA0_37_IRQHandler                       0x00000471   Thumb Code     4  startup_mke17z7.o(.text)
    DMA_Error_IRQHandler                     0x00000475   Thumb Code     4  startup_mke17z7.o(.text)
    LPI2C0_IRQHandler                        0x00000479   Thumb Code     4  startup_mke17z7.o(.text)
    LPSPI0_IRQHandler                        0x0000047d   Thumb Code     4  startup_mke17z7.o(.text)
    LPUART0_IRQHandler                       0x00000481   Thumb Code     4  startup_mke17z7.o(.text)
    LPUART1_IRQHandler                       0x00000485   Thumb Code     4  startup_mke17z7.o(.text)
    LPUART2_IRQHandler                       0x00000489   Thumb Code     4  startup_mke17z7.o(.text)
    FLEXIO_IRQHandler                        0x0000048d   Thumb Code     4  startup_mke17z7.o(.text)
    ___aeabi_memcpy4$ret                     0x000004d5   Thumb Code     0  memcpy.o(.text)
    ___aeabi_memcpy8$ret                     0x000004d5   Thumb Code     0  memcpy.o(.text)
    __aeabi_memcpy                           0x000004d5   Thumb Code    40  memcpy.o(.text)
    memcpy                                   0x000004d5   Thumb Code     0  memcpy.o(.text)
    memset                                   0x000004fd   Thumb Code    18  memset.o(.text)
    strlen                                   0x0000050f   Thumb Code    14  strlen.o(.text)
    __aeabi_uidiv                            0x0000051d   Thumb Code     0  uidiv_div0.o(.text)
    __aeabi_uidivmod                         0x0000051d   Thumb Code    62  uidiv_div0.o(.text)
    __scatterload                            0x0000055d   Thumb Code    28  init.o(.text)
    __scatterload_rt2                        0x0000055d   Thumb Code     0  init.o(.text)
    BOARD_BootClockRUN                       0x00000581   Thumb Code    80  clock_config.o(.text.BOARD_BootClockRUN)
    BOARD_InitBootClocks                     0x000005d1   Thumb Code     8  clock_config.o(.text.BOARD_InitBootClocks)
    BOARD_InitBootPins                       0x000005d9   Thumb Code     8  pin_mux.o(.text.BOARD_InitBootPins)
    BOARD_InitDebugConsole                   0x000005e1   Thumb Code    32  board.o(.text.BOARD_InitDebugConsole)
    BOARD_InitPins                           0x00000601   Thumb Code   128  pin_mux.o(.text.BOARD_InitPins)
    CLOCK_DeinitFirc                         0x000006e9   Thumb Code    20  fsl_clock.o(.text.CLOCK_DeinitFirc)
    CLOCK_DeinitLpFll                        0x000006fd   Thumb Code    32  fsl_clock.o(.text.CLOCK_DeinitLpFll)
    CLOCK_DeinitSirc                         0x0000071d   Thumb Code    32  fsl_clock.o(.text.CLOCK_DeinitSirc)
    CLOCK_GetErClkFreq                       0x0000086d   Thumb Code    36  fsl_clock.o(.text.CLOCK_GetErClkFreq)
    CLOCK_GetFircAsyncFreq                   0x00000891   Thumb Code    44  fsl_clock.o(.text.CLOCK_GetFircAsyncFreq)
    CLOCK_GetFircFreq                        0x000008bd   Thumb Code    28  fsl_clock.o(.text.CLOCK_GetFircFreq)
    CLOCK_GetFreq                            0x000008d9   Thumb Code   116  fsl_clock.o(.text.CLOCK_GetFreq)
    CLOCK_GetIpFreq                          0x0000094d   Thumb Code   136  fsl_clock.o(.text.CLOCK_GetIpFreq)
    CLOCK_GetLpFllAsyncFreq                  0x000009d5   Thumb Code    44  fsl_clock.o(.text.CLOCK_GetLpFllAsyncFreq)
    CLOCK_GetLpFllFreq                       0x00000a01   Thumb Code    36  fsl_clock.o(.text.CLOCK_GetLpFllFreq)
    CLOCK_GetSircAsyncFreq                   0x00000a25   Thumb Code    44  fsl_clock.o(.text.CLOCK_GetSircAsyncFreq)
    CLOCK_GetSircFreq                        0x00000a51   Thumb Code    36  fsl_clock.o(.text.CLOCK_GetSircFreq)
    CLOCK_GetSysClkFreq                      0x00000a75   Thumb Code   100  fsl_clock.o(.text.CLOCK_GetSysClkFreq)
    CLOCK_GetSysOscAsyncFreq                 0x00000ad9   Thumb Code    44  fsl_clock.o(.text.CLOCK_GetSysOscAsyncFreq)
    CLOCK_GetSysOscFreq                      0x00000b05   Thumb Code    48  fsl_clock.o(.text.CLOCK_GetSysOscFreq)
    CLOCK_InitFirc                           0x00000b35   Thumb Code   136  fsl_clock.o(.text.CLOCK_InitFirc)
    CLOCK_InitLpFll                          0x00000bbd   Thumb Code   152  fsl_clock.o(.text.CLOCK_InitLpFll)
    CLOCK_InitSirc                           0x00000c55   Thumb Code    68  fsl_clock.o(.text.CLOCK_InitSirc)
    DbgConsole_Init                          0x00000dc9   Thumb Code    72  fsl_debug_console.o(.text.DbgConsole_Init)
    DbgConsole_Printf                        0x00000e11   Thumb Code    28  fsl_debug_console.o(.text.DbgConsole_Printf)
    DbgConsole_Putchar                       0x00001139   Thumb Code    36  fsl_debug_console.o(.text.DbgConsole_Putchar)
    DbgConsole_Vprintf                       0x0000115d   Thumb Code    28  fsl_debug_console.o(.text.DbgConsole_Vprintf)
    FTM0_IRQHandler                          0x00001181   Thumb Code    96  ftm_simple_pwm.o(.text.FTM0_IRQHandler)
    FTM_ClearStatusFlags                     0x0000125d   Thumb Code    76  fsl_ftm.o(.text.FTM_ClearStatusFlags)
    FTM_EnableInterrupts                     0x000012a9   Thumb Code    76  fsl_ftm.o(.text.FTM_EnableInterrupts)
    FTM_GetDefaultConfig                     0x000012f5   Thumb Code    72  fsl_ftm.o(.text.FTM_GetDefaultConfig)
    FTM_GetStatusFlags                       0x00001385   Thumb Code    60  fsl_ftm.o(.text.FTM_GetStatusFlags)
    FTM_Init                                 0x000013c1   Thumb Code   200  fsl_ftm.o(.text.FTM_Init)
    FTM_SetupInputCapture                    0x00001661   Thumb Code    74  fsl_ftm.o(.text.FTM_SetupInputCapture)
    FTM_SetupPwm                             0x000016ad   Thumb Code   540  fsl_ftm.o(.text.FTM_SetupPwm)
    GPIO_PinInit                             0x000018d9   Thumb Code    64  fsl_gpio.o(.text.GPIO_PinInit)
    HAL_UartInit                             0x00001939   Thumb Code   100  fsl_adapter_lpuart.o(.text.HAL_UartInit)
    HAL_UartReceiveBlocking                  0x00001a29   Thumb Code    72  fsl_adapter_lpuart.o(.text.HAL_UartReceiveBlocking)
    HAL_UartSendBlocking                     0x00001a71   Thumb Code    88  fsl_adapter_lpuart.o(.text.HAL_UartSendBlocking)
    Input_capture_init                       0x00001ac9   Thumb Code    76  ftm_simple_pwm.o(.text.Input_capture_init)
    LPTMR_GetDefaultConfig                   0x00001b31   Thumb Code    48  fsl_lptmr.o(.text.LPTMR_GetDefaultConfig)
    LPTMR_Init                               0x00001bad   Thumb Code    96  fsl_lptmr.o(.text.LPTMR_Init)
    LPUART0_DriverIRQHandler                 0x00001c65   Thumb Code    20  fsl_lpuart.o(.text.LPUART0_DriverIRQHandler)
    LPUART1_DriverIRQHandler                 0x00001c79   Thumb Code    20  fsl_lpuart.o(.text.LPUART1_DriverIRQHandler)
    LPUART2_DriverIRQHandler                 0x00001c8d   Thumb Code    28  fsl_lpuart.o(.text.LPUART2_DriverIRQHandler)
    LPUART_ClearStatusFlags                  0x00001ca9   Thumb Code    52  fsl_lpuart.o(.text.LPUART_ClearStatusFlags)
    LPUART_GetDefaultConfig                  0x00001cdd   Thumb Code    52  fsl_lpuart.o(.text.LPUART_GetDefaultConfig)
    LPUART_GetInstance                       0x00001d11   Thumb Code    84  fsl_lpuart.o(.text.LPUART_GetInstance)
    LPUART_GetStatusFlags                    0x00001d65   Thumb Code    24  fsl_lpuart.o(.text.LPUART_GetStatusFlags)
    LPUART_Init                              0x00001d7d   Thumb Code   568  fsl_lpuart.o(.text.LPUART_Init)
    LPUART_ReadBlocking                      0x00001fb5   Thumb Code   272  fsl_lpuart.o(.text.LPUART_ReadBlocking)
    LPUART_WriteBlocking                     0x000020d5   Thumb Code    60  fsl_lpuart.o(.text.LPUART_WriteBlocking)
    Lptmr_Init                               0x00002111   Thumb Code    60  ftm_simple_pwm.o(.text.Lptmr_Init)
    PWM_Init                                 0x00002165   Thumb Code    96  ftm_simple_pwm.o(.text.PWM_Init)
    PWT_LPTMR0_IRQHandler                    0x000021c5   Thumb Code    96  ftm_simple_pwm.o(.text.PWT_LPTMR0_IRQHandler)
    SystemInit                               0x00002225   Thumb Code    64  system_mke17z7.o(.text.SystemInit)
    SystemInitHook                           0x00002265   Thumb Code     2  system_mke17z7.o(.text.SystemInitHook)
    __aeabi_assert                           0x0000227d   Thumb Code    60  fsl_assert.o(.text.__aeabi_assert)
    main                                     0x000022b9   Thumb Code    68  ftm_simple_pwm.o(.text.main)
    __scatterload_copy                       0x000022fd   Thumb Code    14  handlers.o(i.__scatterload_copy)
    __scatterload_null                       0x0000230b   Thumb Code     2  handlers.o(i.__scatterload_null)
    __scatterload_zeroinit                   0x0000230d   Thumb Code    14  handlers.o(i.__scatterload_zeroinit)
    g_scgFircConfig_BOARD_BootClockRUN       0x0000231c   Data          12  clock_config.o(.rodata.g_scgFircConfig_BOARD_BootClockRUN)
    g_scgLpFllConfig_BOARD_BootClockRUN      0x00002328   Data           8  clock_config.o(.rodata.g_scgLpFllConfig_BOARD_BootClockRUN)
    g_scgSircConfig_BOARD_BootClockRUN       0x00002330   Data           8  clock_config.o(.rodata.g_scgSircConfig_BOARD_BootClockRUN)
    g_sysClkConfig_BOARD_BootClockRUN        0x00002338   Data           4  clock_config.o(.rodata.g_sysClkConfig_BOARD_BootClockRUN)
    Region$$Table$$Base                      0x00002580   Number         0  anon$$obj.o(Region$$Table)
    Region$$Table$$Limit                     0x000025a0   Number         0  anon$$obj.o(Region$$Table)
    SystemCoreClock                          0x1fffc000   Data           4  system_mke17z7.o(.data.SystemCoreClock)
    s_lpuartIsr                              0x1fffc004   Data          12  fsl_lpuart.o(.data.s_lpuartIsr)
    updatedDutycycle                         0x1fffc010   Data           1  ftm_simple_pwm.o(.data.updatedDutycycle)
    ftmIsrFlag                               0x1fffc014   Data           1  ftm_simple_pwm.o(.bss.ftmIsrFlag)
    g_firstChannelOverflowCount              0x1fffc018   Data           4  ftm_simple_pwm.o(.bss.g_firstChannelOverflowCount)
    g_timerOverflowInterruptCount            0x1fffc01c   Data           4  ftm_simple_pwm.o(.bss.g_timerOverflowInterruptCount)
    g_xtal0Freq                              0x1fffc020   Data           4  fsl_clock.o(.bss.g_xtal0Freq)
    intcounter                               0x1fffc024   Data           4  ftm_simple_pwm.o(.bss.intcounter)
    motor100ms                               0x1fffc028   Data           2  ftm_simple_pwm.o(.bss.motor100ms)
    motorcounter                             0x1fffc02c   Data           4  ftm_simple_pwm.o(.bss.motorcounter)
    s_lpuartHandle                           0x1fffc044   Data          12  fsl_lpuart.o(.bss.s_lpuartHandle)
    testtimer                                0x1fffc050   Data           4  ftm_simple_pwm.o(.bss.testtimer)
    Image$$ARM_LIB_HEAP$$ZI$$Base            0x1fffc054   Number         0  anon$$obj.o ABSOLUTE
    Image$$ARM_LIB_HEAP$$ZI$$Limit           0x1fffc454   Number         0  anon$$obj.o ABSOLUTE
    Image$$ARM_LIB_STACK$$ZI$$Limit          0x20008000   Number         0  anon$$obj.o ABSOLUTE



==============================================================================

Memory Map of the image

  Image Entry point : 0x00000425

  Load Region LR_m_text (Base: 0x00000000, Size: 0x000025b4, Max: 0x00040000, ABSOLUTE)

    Execution Region VECTOR_ROM (Exec base: 0x00000000, Load base: 0x00000000, Size: 0x000000c0, Max: 0x00000200, ABSOLUTE)

    Exec Addr    Load Addr    Size         Type   Attr      Idx    E Section Name        Object

    0x00000000   0x00000000   0x000000c0   Data   RO          545    .isr_vector         startup_mke17z7.o


    Execution Region ER_m_flash_config (Exec base: 0x00000400, Load base: 0x00000400, Size: 0x00000010, Max: 0x00000010, ABSOLUTE, FIXED)

    Exec Addr    Load Addr    Size         Type   Attr      Idx    E Section Name        Object

    0x00000400   0x00000400   0x00000010   Data   RO          546    .FlashConfig        startup_mke17z7.o


    Execution Region ER_m_text (Exec base: 0x00000410, Load base: 0x00000410, Size: 0x00002190, Max: 0x0003fbf0, ABSOLUTE)

    Exec Addr    Load Addr    Size         Type   Attr      Idx    E Section Name        Object

    0x00000410   0x00000410   0x00000000   Code   RO          637  * .ARM.Collect$$$$00000000  mc_p.l(entry.o)
    0x00000410   0x00000410   0x00000004   Code   RO          697    .ARM.Collect$$$$00000003  mc_p.l(entry4.o)
    0x00000414   0x00000414   0x00000004   Code   RO          700    .ARM.Collect$$$$00000004  mc_p.l(entry5.o)
    0x00000418   0x00000418   0x00000000   Code   RO          702    .ARM.Collect$$$$00000008  mc_p.l(entry7b.o)
    0x00000418   0x00000418   0x00000000   Code   RO          704    .ARM.Collect$$$$0000000A  mc_p.l(entry8b.o)
    0x00000418   0x00000418   0x00000008   Code   RO          705    .ARM.Collect$$$$0000000B  mc_p.l(entry9a.o)
    0x00000420   0x00000420   0x00000000   Code   RO          707    .ARM.Collect$$$$0000000D  mc_p.l(entry10a.o)
    0x00000420   0x00000420   0x00000000   Code   RO          709    .ARM.Collect$$$$0000000F  mc_p.l(entry11a.o)
    0x00000420   0x00000420   0x00000004   Code   RO          698    .ARM.Collect$$$$00002714  mc_p.l(entry4.o)
    0x00000424   0x00000424   0x000000b0   Code   RO          544  * .text               startup_mke17z7.o
    0x000004d4   0x000004d4   0x00000028   Code   RO          650    .text               mc_p.l(memcpy.o)
    0x000004fc   0x000004fc   0x00000012   Code   RO          652    .text               mc_p.l(memset.o)
    0x0000050e   0x0000050e   0x0000000e   Code   RO          656    .text               mc_p.l(strlen.o)
    0x0000051c   0x0000051c   0x0000003e   Code   RO          715    .text               mc_p.l(uidiv_div0.o)
    0x0000055a   0x0000055a   0x00000002   PAD
    0x0000055c   0x0000055c   0x00000024   Code   RO          761    .text               mc_p.l(init.o)
    0x00000580   0x00000580   0x00000050   Code   RO           18    .text.BOARD_BootClockRUN  clock_config.o
    0x000005d0   0x000005d0   0x00000008   Code   RO           16    .text.BOARD_InitBootClocks  clock_config.o
    0x000005d8   0x000005d8   0x00000008   Code   RO           57    .text.BOARD_InitBootPins  pin_mux.o
    0x000005e0   0x000005e0   0x00000020   Code   RO            4    .text.BOARD_InitDebugConsole  board.o
    0x00000600   0x00000600   0x00000080   Code   RO           59    .text.BOARD_InitPins  pin_mux.o
    0x00000680   0x00000680   0x00000068   Code   RO           20    .text.CLOCK_CONFIG_FircSafeConfig  clock_config.o
    0x000006e8   0x000006e8   0x00000014   Code   RO          194    .text.CLOCK_DeinitFirc  fsl_clock.o
    0x000006fc   0x000006fc   0x00000020   Code   RO          198    .text.CLOCK_DeinitLpFll  fsl_clock.o
    0x0000071c   0x0000071c   0x00000020   Code   RO          190    .text.CLOCK_DeinitSirc  fsl_clock.o
    0x0000073c   0x0000073c   0x00000074   Code   RO           61    .text.CLOCK_EnableClock  pin_mux.o
    0x000007b0   0x000007b0   0x0000001c   Code   RO          236    .text.CLOCK_EnableClock  fsl_ftm.o
    0x000007cc   0x000007cc   0x0000001c   Code   RO          330    .text.CLOCK_EnableClock  fsl_lpuart.o
    0x000007e8   0x000007e8   0x0000002c   Code   RO          465    .text.CLOCK_EnableClock  fsl_lptmr.o
    0x00000814   0x00000814   0x0000001c   Code   RO           24    .text.CLOCK_GetCurSysClkConfig  clock_config.o
    0x00000830   0x00000830   0x0000003c   Code   RO          182    .text.CLOCK_GetCurSysClkConfig  fsl_clock.o
    0x0000086c   0x0000086c   0x00000024   Code   RO          152    .text.CLOCK_GetErClkFreq  fsl_clock.o
    0x00000890   0x00000890   0x0000002c   Code   RO          176    .text.CLOCK_GetFircAsyncFreq  fsl_clock.o
    0x000008bc   0x000008bc   0x0000001c   Code   RO          168    .text.CLOCK_GetFircFreq  fsl_clock.o
    0x000008d8   0x000008d8   0x00000074   Code   RO          162    .text.CLOCK_GetFreq  fsl_clock.o
    0x0000094c   0x0000094c   0x00000088   Code   RO          180    .text.CLOCK_GetIpFreq  fsl_clock.o
    0x000009d4   0x000009d4   0x0000002c   Code   RO          178    .text.CLOCK_GetLpFllAsyncFreq  fsl_clock.o
    0x00000a00   0x00000a00   0x00000024   Code   RO          170    .text.CLOCK_GetLpFllFreq  fsl_clock.o
    0x00000a24   0x00000a24   0x0000002c   Code   RO          174    .text.CLOCK_GetSircAsyncFreq  fsl_clock.o
    0x00000a50   0x00000a50   0x00000024   Code   RO          166    .text.CLOCK_GetSircFreq  fsl_clock.o
    0x00000a74   0x00000a74   0x00000064   Code   RO          156    .text.CLOCK_GetSysClkFreq  fsl_clock.o
    0x00000ad8   0x00000ad8   0x0000002c   Code   RO          172    .text.CLOCK_GetSysOscAsyncFreq  fsl_clock.o
    0x00000b04   0x00000b04   0x00000030   Code   RO          164    .text.CLOCK_GetSysOscFreq  fsl_clock.o
    0x00000b34   0x00000b34   0x00000088   Code   RO          192    .text.CLOCK_InitFirc  fsl_clock.o
    0x00000bbc   0x00000bbc   0x00000098   Code   RO          196    .text.CLOCK_InitLpFll  fsl_clock.o
    0x00000c54   0x00000c54   0x00000044   Code   RO          188    .text.CLOCK_InitSirc  fsl_clock.o
    0x00000c98   0x00000c98   0x00000068   Code   RO            6    .text.CLOCK_SetIpSrc  board.o
    0x00000d00   0x00000d00   0x00000050   Code   RO           26    .text.CLOCK_SetIpSrc  clock_config.o
    0x00000d50   0x00000d50   0x00000028   Code   RO           22    .text.CLOCK_SetRunModeSysClkConfig  clock_config.o
    0x00000d78   0x00000d78   0x00000050   Code   RO          577    .text.DbgConsole_ConvertRadixNumToString  fsl_debug_console.o
    0x00000dc8   0x00000dc8   0x00000048   Code   RO          561    .text.DbgConsole_Init  fsl_debug_console.o
    0x00000e10   0x00000e10   0x0000001c   Code   RO          565    .text.DbgConsole_Printf  fsl_debug_console.o
    0x00000e2c   0x00000e2c   0x000002ee   Code   RO          569    .text.DbgConsole_PrintfFormattedData  fsl_debug_console.o
    0x0000111a   0x0000111a   0x0000001c   Code   RO          579    .text.DbgConsole_PrintfPaddingCharacter  fsl_debug_console.o
    0x00001136   0x00001136   0x00000002   PAD
    0x00001138   0x00001138   0x00000024   Code   RO          571    .text.DbgConsole_Putchar  fsl_debug_console.o
    0x0000115c   0x0000115c   0x0000001c   Code   RO          567    .text.DbgConsole_Vprintf  fsl_debug_console.o
    0x00001178   0x00001178   0x00000008   Code   RO          492    .text.EnableIRQ     ftm_simple_pwm.o
    0x00001180   0x00001180   0x00000060   Code   RO          510    .text.FTM0_IRQHandler  ftm_simple_pwm.o
    0x000011e0   0x000011e0   0x0000007c   Code   RO          486    .text.FTM_CalculateCounterClkDiv  ftm_simple_pwm.o
    0x0000125c   0x0000125c   0x0000004c   Code   RO          282    .text.FTM_ClearStatusFlags  fsl_ftm.o
    0x000012a8   0x000012a8   0x0000004c   Code   RO          274    .text.FTM_EnableInterrupts  fsl_ftm.o
    0x000012f4   0x000012f4   0x00000048   Code   RO          248    .text.FTM_GetDefaultConfig  fsl_ftm.o
    0x0000133c   0x0000133c   0x00000048   Code   RO          238    .text.FTM_GetInstance  fsl_ftm.o
    0x00001384   0x00001384   0x0000003c   Code   RO          280    .text.FTM_GetStatusFlags  fsl_ftm.o
    0x000013c0   0x000013c0   0x000000c8   Code   RO          234    .text.FTM_Init      fsl_ftm.o
    0x00001488   0x00001488   0x0000001c   Code   RO          254    .text.FTM_SetComplementaryEnable  fsl_ftm.o
    0x000014a4   0x000014a4   0x0000001c   Code   RO          256    .text.FTM_SetDeadTimeEnable  fsl_ftm.o
    0x000014c0   0x000014c0   0x0000001a   Code   RO          252    .text.FTM_SetPwmOutputEnable  fsl_ftm.o
    0x000014da   0x000014da   0x00000002   PAD
    0x000014dc   0x000014dc   0x000000c8   Code   RO          240    .text.FTM_SetPwmSync  fsl_ftm.o
    0x000015a4   0x000015a4   0x000000b4   Code   RO          242    .text.FTM_SetReloadPoints  fsl_ftm.o
    0x00001658   0x00001658   0x00000008   Code   RO          490    .text.FTM_SetTimerPeriod  ftm_simple_pwm.o
    0x00001660   0x00001660   0x0000004a   Code   RO          264    .text.FTM_SetupInputCapture  fsl_ftm.o
    0x000016aa   0x000016aa   0x00000002   PAD
    0x000016ac   0x000016ac   0x0000021c   Code   RO          250    .text.FTM_SetupPwm  fsl_ftm.o
    0x000018c8   0x000018c8   0x0000000e   Code   RO          494    .text.FTM_StartTimer  ftm_simple_pwm.o
    0x000018d6   0x000018d6   0x00000002   PAD
    0x000018d8   0x000018d8   0x00000040   Code   RO          294    .text.GPIO_PinInit  fsl_gpio.o
    0x00001918   0x00001918   0x00000012   Code   RO          296    .text.GPIO_PinWrite  fsl_gpio.o
    0x0000192a   0x0000192a   0x00000002   PAD
    0x0000192c   0x0000192c   0x0000000c   Code   RO          119    .text.HAL_UartGetStatus  fsl_adapter_lpuart.o
    0x00001938   0x00001938   0x00000064   Code   RO          111    .text.HAL_UartInit  fsl_adapter_lpuart.o
    0x0000199c   0x0000199c   0x0000008c   Code   RO          113    .text.HAL_UartInitCommon  fsl_adapter_lpuart.o
    0x00001a28   0x00001a28   0x00000048   Code   RO          117    .text.HAL_UartReceiveBlocking  fsl_adapter_lpuart.o
    0x00001a70   0x00001a70   0x00000058   Code   RO          121    .text.HAL_UartSendBlocking  fsl_adapter_lpuart.o
    0x00001ac8   0x00001ac8   0x0000004c   Code   RO          488    .text.Input_capture_init  ftm_simple_pwm.o
    0x00001b14   0x00001b14   0x0000000c   Code   RO          508    .text.LPTMR_ClearStatusFlags  ftm_simple_pwm.o
    0x00001b20   0x00001b20   0x00000010   Code   RO          502    .text.LPTMR_EnableInterrupts  ftm_simple_pwm.o
    0x00001b30   0x00001b30   0x00000030   Code   RO          471    .text.LPTMR_GetDefaultConfig  fsl_lptmr.o
    0x00001b60   0x00001b60   0x0000004c   Code   RO          463    .text.LPTMR_GetInstance  fsl_lptmr.o
    0x00001bac   0x00001bac   0x00000060   Code   RO          461    .text.LPTMR_Init    fsl_lptmr.o
    0x00001c0c   0x00001c0c   0x00000044   Code   RO          500    .text.LPTMR_SetTimerPeriod  ftm_simple_pwm.o
    0x00001c50   0x00001c50   0x00000014   Code   RO          504    .text.LPTMR_StartTimer  ftm_simple_pwm.o
    0x00001c64   0x00001c64   0x00000014   Code   RO          396    .text.LPUART0_DriverIRQHandler  fsl_lpuart.o
    0x00001c78   0x00001c78   0x00000014   Code   RO          398    .text.LPUART1_DriverIRQHandler  fsl_lpuart.o
    0x00001c8c   0x00001c8c   0x0000001c   Code   RO          400    .text.LPUART2_DriverIRQHandler  fsl_lpuart.o
    0x00001ca8   0x00001ca8   0x00000034   Code   RO          354    .text.LPUART_ClearStatusFlags  fsl_lpuart.o
    0x00001cdc   0x00001cdc   0x00000034   Code   RO          338    .text.LPUART_GetDefaultConfig  fsl_lpuart.o
    0x00001d10   0x00001d10   0x00000054   Code   RO          324    .text.LPUART_GetInstance  fsl_lpuart.o
    0x00001d64   0x00001d64   0x00000018   Code   RO          352    .text.LPUART_GetStatusFlags  fsl_lpuart.o
    0x00001d7c   0x00001d7c   0x00000238   Code   RO          328    .text.LPUART_Init   fsl_lpuart.o
    0x00001fb4   0x00001fb4   0x00000110   Code   RO          358    .text.LPUART_ReadBlocking  fsl_lpuart.o
    0x000020c4   0x000020c4   0x00000010   Code   RO          332    .text.LPUART_SoftwareReset  fsl_lpuart.o
    0x000020d4   0x000020d4   0x0000003c   Code   RO          356    .text.LPUART_WriteBlocking  fsl_lpuart.o
    0x00002110   0x00002110   0x0000003c   Code   RO          498    .text.Lptmr_Init    ftm_simple_pwm.o
    0x0000214c   0x0000214c   0x00000016   Code   RO           63    .text.PORT_SetPinMux  pin_mux.o
    0x00002162   0x00002162   0x00000002   PAD
    0x00002164   0x00002164   0x00000060   Code   RO          484    .text.PWM_Init      ftm_simple_pwm.o
    0x000021c4   0x000021c4   0x00000060   Code   RO          506    .text.PWT_LPTMR0_IRQHandler  ftm_simple_pwm.o
    0x00002224   0x00002224   0x00000040   Code   RO          137    .text.SystemInit    system_mke17z7.o
    0x00002264   0x00002264   0x00000002   Code   RO          139    .text.SystemInitHook  system_mke17z7.o
    0x00002266   0x00002266   0x00000002   PAD
    0x00002268   0x00002268   0x00000014   Code   RO          514    .text.__NVIC_EnableIRQ  ftm_simple_pwm.o
    0x0000227c   0x0000227c   0x0000003c   Code   RO          552    .text.__aeabi_assert  fsl_assert.o
    0x000022b8   0x000022b8   0x00000044   Code   RO          512    .text.main          ftm_simple_pwm.o
    0x000022fc   0x000022fc   0x0000000e   Code   RO          767    i.__scatterload_copy  mc_p.l(handlers.o)
    0x0000230a   0x0000230a   0x00000002   Code   RO          768    i.__scatterload_null  mc_p.l(handlers.o)
    0x0000230c   0x0000230c   0x0000000e   Code   RO          769    i.__scatterload_zeroinit  mc_p.l(handlers.o)
    0x0000231a   0x0000231a   0x00000002   PAD
    0x0000231c   0x0000231c   0x0000000c   Data   RO           41    .rodata.g_scgFircConfig_BOARD_BootClockRUN  clock_config.o
    0x00002328   0x00002328   0x00000008   Data   RO           42    .rodata.g_scgLpFllConfig_BOARD_BootClockRUN  clock_config.o
    0x00002330   0x00002330   0x00000008   Data   RO           40    .rodata.g_scgSircConfig_BOARD_BootClockRUN  clock_config.o
    0x00002338   0x00002338   0x00000004   Data   RO           38    .rodata.g_sysClkConfig_BOARD_BootClockRUN  clock_config.o
    0x0000233c   0x0000233c   0x0000000c   Data   RO          128    .rodata.s_LpuartAdapterBase  fsl_adapter_lpuart.o
    0x00002348   0x00002348   0x0000000c   Data   RO          285    .rodata.s_ftmClocks  fsl_ftm.o
    0x00002354   0x00002354   0x0000000c   Data   RO          413    .rodata.s_lpuartClock  fsl_lpuart.o
    0x00002360   0x00002360   0x00000016   Data   RO           48    .rodata.str1.1      clock_config.o
    0x00002376   0x00002376   0x00000095   Data   RO          127    .rodata.str1.1      fsl_adapter_lpuart.o
    0x0000240b   0x0000240b   0x00000020   Data   RO          201    .rodata.str1.1      fsl_clock.o
    0x0000242b   0x0000242b   0x0000007b   Data   RO          284    .rodata.str1.1      fsl_ftm.o
    0x000024a6   0x000024a6   0x00000022   Data   RO          314    .rodata.str1.1      fsl_gpio.o
    0x000024c8   0x000024c8   0x000000a3   Data   RO          412    .rodata.str1.1      fsl_lpuart.o
    0x0000256b   0x0000256b   0x00000014   Data   RO          473    .rodata.str1.1      fsl_lptmr.o
    0x0000257f   0x0000257f   0x00000001   PAD
    0x00002580   0x00002580   0x00000020   Data   RO          766    Region$$Table       anon$$obj.o


    Execution Region RW_m_data (Exec base: 0x1fffc000, Load base: 0x000025a0, Size: 0x00000054, Max: 0x0000b800, ABSOLUTE)

    Exec Addr    Load Addr    Size         Type   Attr      Idx    E Section Name        Object

    0x1fffc000   0x000025a0   0x00000004   Data   RW          143    .data.SystemCoreClock  system_mke17z7.o
    0x1fffc004   0x000025a4   0x0000000c   Data   RW          411    .data.s_lpuartIsr   fsl_lpuart.o
    0x1fffc010   0x000025b0   0x00000001   Data   RW          518    .data.updatedDutycycle  ftm_simple_pwm.o
    0x1fffc011   0x000025b1   0x00000003   PAD
    0x1fffc014        -       0x00000001   Zero   RW          516    .bss.ftmIsrFlag     ftm_simple_pwm.o
    0x1fffc015   0x000025b1   0x00000003   PAD
    0x1fffc018        -       0x00000004   Zero   RW          520    .bss.g_firstChannelOverflowCount  ftm_simple_pwm.o
    0x1fffc01c        -       0x00000004   Zero   RW          519    .bss.g_timerOverflowInterruptCount  ftm_simple_pwm.o
    0x1fffc020        -       0x00000004   Zero   RW          200    .bss.g_xtal0Freq    fsl_clock.o
    0x1fffc024        -       0x00000004   Zero   RW          526    .bss.intcounter     ftm_simple_pwm.o
    0x1fffc028        -       0x00000002   Zero   RW          524    .bss.motor100ms     ftm_simple_pwm.o
    0x1fffc02a   0x000025b1   0x00000002   PAD
    0x1fffc02c        -       0x00000004   Zero   RW          525    .bss.motorcounter   ftm_simple_pwm.o
    0x1fffc030        -       0x00000014   Zero   RW          581    .bss.s_debugConsole  fsl_debug_console.o
    0x1fffc044        -       0x0000000c   Zero   RW          414    .bss.s_lpuartHandle  fsl_lpuart.o
    0x1fffc050        -       0x00000004   Zero   RW          527    .bss.testtimer      ftm_simple_pwm.o


    Execution Region ARM_LIB_HEAP (Exec base: 0x1fffc054, Load base: 0x000025b4, Size: 0x00000400, Max: 0x00000400, ABSOLUTE)

    Exec Addr    Load Addr    Size         Type   Attr      Idx    E Section Name        Object

    0x1fffc054        -       0x00000400   Zero   RW            1    ARM_LIB_HEAP.bss    anon$$obj.o


    Execution Region ARM_LIB_STACK (Exec base: 0x20007c00, Load base: 0x000025b4, Size: 0x00000400, Max: 0x00000400, ABSOLUTE)

    Exec Addr    Load Addr    Size         Type   Attr      Idx    E Section Name        Object

    0x20007c00        -       0x00000400   Zero   RW            2    ARM_LIB_STACK.bss   anon$$obj.o


==============================================================================

Image component sizes


      Code (inc. data)   RO Data    RW Data    ZI Data      Debug   Object Name

       136         60          0          0          0       2248   board.o
       340         80         54          0          0       8663   clock_config.o
       412         60        161          0          0       6993   fsl_adapter_lpuart.o
        60         44          0          0          0        619   fsl_assert.o
      1212        190         32          0          4      13200   fsl_clock.o
      1022        278          0          0         20       8815   fsl_debug_console.o
      1660        156        135          0          0      20072   fsl_ftm.o
        82          4         34          0          0       4684   fsl_gpio.o
       264         60         20          0          0       4501   fsl_lptmr.o
      1224        180        175         12         12      26913   fsl_lpuart.o
       782        208          0          1         23      11793   ftm_simple_pwm.o
       274        108          0          0          0       3249   pin_mux.o
       176         84        208          0          0        920   startup_mke17z7.o
        66         20          0          4          0       2183   system_mke17z7.o

    ----------------------------------------------------------------------
      7724       1532        852         20       2112     114853   Object Totals
         0          0         32          0       2048          0   (incl. Generated)
        14          0          1          3          5          0   (incl. Padding)

    ----------------------------------------------------------------------

      Code (inc. data)   RO Data    RW Data    ZI Data      Debug   Library Member Name

         0          0          0          0          0          0   entry.o
         0          0          0          0          0          0   entry10a.o
         0          0          0          0          0          0   entry11a.o
         8          4          0          0          0          0   entry4.o
         4          0          0          0          0          0   entry5.o
         0          0          0          0          0          0   entry7b.o
         0          0          0          0          0          0   entry8b.o
         8          4          0          0          0          0   entry9a.o
        30          0          0          0          0          0   handlers.o
        36          8          0          0          0         68   init.o
        40          0          0          0          0         68   memcpy.o
        18          0          0          0          0         68   memset.o
        14          0          0          0          0         60   strlen.o
        62          0          0          0          0         72   uidiv_div0.o

    ----------------------------------------------------------------------
       224         16          0          0          0        336   Library Totals
         4          0          0          0          0          0   (incl. Padding)

    ----------------------------------------------------------------------

      Code (inc. data)   RO Data    RW Data    ZI Data      Debug   Library Name

       220         16          0          0          0        336   mc_p.l

    ----------------------------------------------------------------------
       224         16          0          0          0        336   Library Totals

    ----------------------------------------------------------------------

==============================================================================


      Code (inc. data)   RO Data    RW Data    ZI Data      Debug   

      7948       1548        852         20       2112     115157   Grand Totals
      7948       1548        852         20       2112     115157   ELF Image Totals
      7948       1548        852         20          0          0   ROM Totals

==============================================================================

    Total RO  Size (Code + RO Data)                 8800 (   8.59kB)
    Total RW  Size (RW Data + ZI Data)              2132 (   2.08kB)
    Total ROM Size (Code + RO Data + RW Data)       8820 (   8.61kB)

==============================================================================

